
> constructor-programa-maestro@1.1.0 test
> vitest


[7m[1m[34m DEV [39m[22m[27m [34mv1.6.1[39m [90mC:/Users/Admin/Desktop/Programa 01[39m

 [32mΓ£ô[39m src/logic/billingEngine.test.js [2m ([22m[2m10 tests[22m[2m)[22m[90m 24[2mms[22m[39m
 [32mΓ£ô[39m tests/unit/Dashboard.test.jsx [2m ([22m[2m26 tests[22m[2m)[22m[33m 1033[2mms[22m[39m
 [33mΓ¥»[39m src/components/Billing/InvoiceForm.test.jsx [2m ([22m[2m6 tests[22m [2m|[22m [31m1 failed[39m[2m)[22m[33m 2520[2mms[22m[39m
[31m   [33mΓ¥»[31m src/components/Billing/InvoiceForm.test.jsx[2m > [22mInvoiceForm[2m > [22mdebe validar que los d├¡gitos sean 4 en pagos electr├│nicos[39m
[31m     ΓåÆ Found multiple elements with the text: /referencia/i

Here are the matching elements:

Ignored nodes: comments, script, style
[36m<label>[31m
  [0m├Ültimos 4 D├¡gitos de Referencia *[0m
[36m</label>[31m

Ignored nodes: comments, script, style
[36m<p>[31m
  [0mDebe ingresar los ├║ltimos 4 d├¡gitos de la referencia[0m
[36m</p>[31m

(If this is intentional, then use the `*AllBy*` variant of the query (like `queryAllByText`, `getAllByText`, or `findAllByText`)).

Ignored nodes: comments, script, style
[36m<body>[31m
  [36m<div>[31m
    [36m<div[31m
      [33mclass[31m=[32m"patient-list animate-in"[31m
    [36m>[31m
      [36m<div[31m
        [33mclass[31m=[32m"patient-form-grid"[31m
        [33mstyle[31m=[32m"margin-top: 0px; margin-bottom: 20px;"[31m
      [36m>[31m
        [36m<div[31m
          [33mclass[31m=[32m"form-group full-width"[31m
        [36m>[31m
          [36m<label>[31m
            [0mPaciente *[0m
          [36m</label>[31m
          [36m<div[31m
            [33mstyle[31m=[32m"position: relative;"[31m
          [36m>[31m
            [36m<input[31m
              [33mautocomplete[31m=[32m"off"[31m
              [33mplaceholder[31m=[32m"Buscar paciente por nombre o c├⌐dula..."[31m
              [33mtype[31m=[32m"text"[31m
              [33mvalue[31m=[32m"Juan P├⌐rez"[31m
            [36m/>[31m
          [36m</div>[31m
        [36m</div>[31m
        [36m<div[31m
          [33mclass[31m=[32m"form-group"[31m
        [36m>[31m
          [36m<label[31m
            [33mfor[31m=[32m"select-medico"[31m
          [36m>[31m
            [0mM├⌐dico Tratante *[0m
          [36m</label>[31m
          [36m<select[31m
            [33mid[31m=[32m"select-medico"[31m
          [36m>[31m
            [36m<option[31m
              [33mvalue[31m=[32m""[31m
            [36m>[31m
              [0mSeleccione un m├⌐dico...[0m
            [36m</option>[31m
            [36m<option[31m
              [33mvalue[31m=[32m"1"[31m
            [36m>[31m
              [0mDr. House[0m
              [0m ([0m
              [0mMedicina General[0m
              [0m) - [0m
              [0m10[0m
              [0m% comisi├│n[0m
            [36m</option>[31m
          [36m</select>[31m
        [36m</div>[31m
        [36m<div[31m
          [33mclass[31m=[32m"form-group"[31m
        [36m>[31m
          [36m<label>[31m
            [0mTasa de Cambio (USD ΓåÆ VES) *[0m
          [36m</label>[31m
          [36m<input[31m
            [33mid[31m=[32m"exchange-rate-input"[31m
            [33minputmode[31m=[32m"decimal"[31m
            [33mplaceholder[31m=[32m"Ej: 144.50"[31m
            [33mtype[31m=[32m"text"[31m
            [33mvalue[31m=[32m"36"[31m
          [36m/>[31m
          [36m<span[31m
            [33mstyle[31m=[32m"font-size: 0.82rem; color: var(--text-secondary); margin-top: 4px; display: block;"[31m
          [36m>[31m
            [0m1 USD = [0m
            [0m36.00[0m
            [0m VES[0m
          [36m</span>[31m
        [36m</div>[31m
      [36m</div>[31m
      [36m<hr[31m
        [33mstyle[31m=[32m"margin: 20px 0px; border-color: var(--border-color);"[31m
      [36m/>[31m
      [36m<div[31m
        [33mclass[31m=[32m"form-group"[31m
      [36m>[31m
        [36m<label[31m
          [33mfor[31m=[32m"select-servicio"[31m
        [36m>[31m
          [0mAgregar Servicios[0m
        [36m</label>[31m
        [36m<div[31m
          [33mstyle[31m=[32m"display: flex; gap: 10px;"[31m
        [36m>[31m
          [36m<select[31m
            [33mclass[31m=[32m"form-input"[31m
            [33mid[31m=[32m"select-servicio"[31m
            [33mstyle[31m=[32m"flex: 2 1 0%;"[31m
          [36m>[31m
            [36m<option[31m
              [33mdisabled[31m=[32m""[31m
              [33mselected[31m=[32m""[31m
              [33mvalue[31m=[32m""[31m
            [36m>[31m
              [0mSeleccione un servicio...[0m
            [36m</option>[31m
            [36m<option[31m
              [33mvalue[31m=[32m"1"[31m
            [36m>[31m
              [0mConsulta General[0m
              [0m - $[0m
              [0m30.00[0m
              [0m ([0m
              [0mExento[0m
              [0m)[0m
            [36m</option>[31m
            [36m<option[31m
              [33mvalue[31m=[32m"2"[31m
            [36m>[31m
              [0mElectrocardiograma[0m
              [0m - $[0m
              [0m50.00[0m
              [0m ([0m
              [0mIVA 16%[0m
              [0m)[0m
            [36m</option>[31m
          [36m</select>[31m
        [36m</div>[31m
      [36m</div>[31m
      [36m<div[31m
        [33mclass[31m=[32m"table-wrapper glassmorphism"[31m
        [33mstyle[31m=[32m"margin-top: 15px;"[31m
      [36m>[31m
        [36m<table[31m
          [33mclass[31m=[32m"modern-table"[31m
        [36m>[31m
          [36m<thead>[31m
            [36m<tr>[31m
              [36m<th>[31m
                [0mServicio[0m
              [36m</th>[31m
              [36m<th>[31m
                [0mPrecio Unit.[0m
              [36m</th>[31m
              [36m<th>[31m
                [0mCantidad[0m
              [36m</th>[31m
              [36m<th>[31m
                [0mSubtotal[0m
              [36m</th>[31m
              [36m<th>[31m
                [0mIVA[0m
              [36m</th>[31m
              [36m<th>[31m
                [0mTotal[0m
              [36m</th>[31m
              [36m<th>[31m
                [0mAcciones[0m
              [36m</th>[31m
            [36m</tr>[31m
          [36m</thead>[31m
          [36m<tbody>[31m
            [36m<tr>[31m
              [36m<td>[31m
                [0mConsulta General[0m
              [36m</td>[31m
              [36m<td>[31m
                [0m$[0m
                [0m30.00[0m
              [36m</td>[31m
              [36m<td>[31m
                [36m<div[31m
                  [33mstyle[31m=[32m"display: flex; align-items: center; gap: 8px;"[31m
                [36m>[31m
                  [36m<button[31m
                    [33mclass[31m=[32m"btn-view"[31m
                    [33mstyle[31m=[32m"width: 28px; height: 28px;"[31m
                    [33mtype[31m=[32m"button"[31m
                  [36m>[31m
                    [0m-[0m
                  [36m</button>[31m
                  [36m<span[31m
                    [33mstyle[31m=[32m"font-weight: bold; width: 20px; text-align: center;"[31m
                  [36m>[31m
                    [0m1[0m
                  [36m</span>[31m
                  [36m<button[31m
                    [33mclass[31m=[32m"btn-view"[31m
                    [33mstyle[31m=[32m"width: 28px; height: 28px;"[31m
                    [33mtype[31m=[32m"button"[31m
                  [36m>[31m
                    [0m+[0m
                  [36m</button>[31m
                [36m</div>[31m
              [36m</td>[31m
              [36m<td>[31m
                [0m$[0m
                [0m30.00[0m
              [36m</td>[31m
              [36m<td>[31m
                [36m<span[31m
                  [33mclass[31m=[32m"status-badge active"[31m
                [36m>[31m
                  [0mExento[0m
                [36m</span>[31m
              [36m</td>[31m
              [36m<td>[31m
                [0m$[0m
                [0m30.00[0m
              [36m</td>[31m
              [36m<td>[31m
                [36m<button[31m
                  [33mclass[31m=[32m"btn-delete"[31m
                  [33mtitle[31m=[32m"Eliminar"[31m
                  [33mtype[31m=[32m"button"[31m
                [36m>[31m
                  [0m≡ƒùæ∩╕Å[0m
                [36m</button>[31m
              [36m</td>[31m
            [36m</tr>[31m
          [36m</tbody>[31m
        [36m</table>[31m
      [36m</div>[31m
      [36m<div[31m
        [33mclass[31m=[32m"totals-panel glassmorphism"[31m
        [33mstyle[31m=[32m"margin-top: 20px; padding: 20px; border-radius: 12px; background: var(--bg-secondary); border: 1px solid var(--border-color);"[31m
      [36m>[31m
        [36m<div[31m
          [33mstyle[31m=[32m"display: grid; grid-template-columns: 1fr 1fr; gap: 30px;"[31m
        [36m>[31m
          [36m<div>[31m
            [36m<h4[31m
              [33mstyle[31m=[32m"margin-bottom: 15px;"[31m
            [36m>[31m
              [0mResumen en USD[0m
            [36m</h4>[31m
            [36m<div[31m
              [33mstyle[31m=[32m"display: flex; justify-content: space-between; margin-bottom: 8px;"[31m
            [36m>[31m
              [36m<span>[31m
                [0mSubtotal:[0m
              [36m</span>[31m
              [36m<span>[31m
                [0m$[0m
                [0m30.00[0m
              [36m</span>[31m
            [36m</div>[31m
            [36m<div[31m
              [33mstyle[31m=[32m"display: flex; justify-content: space-between; margin-bottom: 8px;"[31m
            [36m>[31m
              [36m<span>[31m
                [0mIVA (16%):[0m
              [36m</span>[31m
              [36m<span>[31m
                [0m$[0m
                [0m0.00[0m
              [36m</span>[31m
            [36m</div>[31m
            [36m<div[31m
              [33mstyle[31m=[32m"display: flex; justify-content: space-between; margin-bottom: 8px; font-weight: 700; font-size: 1.1rem;"[31m
            [36m>[31m
              [36m<span>[31m
                [0mTotal USD:[0m
              [36m</span>[31m
              [36m<span[31m
                [33mclass[31m=[32m"text-cyan"[31m
              [36m>[31m
                [0m$[0m
                [0m0.00[0m
              [36m</span>[31m
            [36m</div>[31m
          [36m</div>[31m
          [36m<div>[31m
            [36m<h4[31m
              [33mstyle[31m=[32m"margin-bottom: 15px;"[31m
            [36m>[31m
              [0mTotal en VES[0m
            [36m</h4>[31m
            [36m<div[31m
              [33mstyle[31m=[32m"display: flex; justify-content: space-between; font-weight: 700; font-size: 1.3rem;"[31m
            [36m>[31m
              [36m<span>[31m
                [0mTotal:[0m
              [36m</span>[31m
              [36m<span[31m
                [33mclass[31m=[32m"text-cyan"[31m
              [36m>[31m
                [0mBs. [0m
                [0m0.00[0m
              [36m</span>[31m
            [36m</div>[31m
            [36m<div[31m
              [33mstyle[31m=[32m"font-size: 0.85rem; color: var(--text-secondary); margin-top: 5px;"[31m
            [36m>[31m
              [0mTasa: [0m
              [0m36[0m
              [0m VES/USD[0m
            [36m</div>[31m
          [36m</div>[31m
        [36m</div>[31m
        [36m<div[31m
          [33mstyle[31m=[32m"margin-top: 20px; padding-top: 20px; border-top: 1px dashed var(--border-color);"[31m
        [36m>[31m
          [36m<h4[31m
            [33mstyle[31m=[32m"margin-bottom: 15px;"[31m
          [36m>[31m
            [0mInformaci├│n de Pago[0m
          [36m</h4>[31m
          [36m<div[31m
            [33mclass[31m=[32m"patient-form-grid"[31m
            [33mstyle[31m=[32m"margin-top: 0px;"[31m
          [36m>[31m
            [36m<div[31m
              [33mclass[31m=[32m"form-group"[31m
            [36m>[31m
              [36m<label[31m
                [33mfor[31m=[32m"metodo-pago-select"[31m
              [36m>[31m
                [0mM├⌐todo de Pago *[0m
              [36m</label>[31m
              [36m<select[31m
                [33mid[31m=[32m"metodo-pago-select"[31m
              [36m>[31m
                [36m<option[31m
                  [33mvalue[31m=[32m"EFECTIVO_USD"[31m
                [36m>[31m
                  [0m≡ƒÆ╡ Efectivo USD[0m
                [36m</option>[31m
                [36m<option[31m
                  [33mvalue[31m=[32m"TRANSFERENCIA"[31m
                [36m>[31m
                  [0m≡ƒÅª Transferencia Bancaria[0m
                [36m</option>[31m
                [36m<option[31m
                  [33mvalue[31m=[32m"PAGO_MOVIL"[31m
                [36m>[31m
                  [0m≡ƒô▒ Pago M├│vil[0m
                [36m</option>[31m
              [36m</select>[31m
            [36m</div>[31m
            [36m<div[31m
              [33mclass[31m=[32m"form-group"[31m
            [36m>[31m
              [36m<label>[31m
                [0m├Ültimos 4 D├¡gitos de Referencia *[0m
              [36m</label>[31m
              [36m<input[31m
                [33mplaceholder[31m=[32m"Ej: 1234"[31m
                [33mtype[31m=[32m"text"[31m
                [33mvalue[31m=[32m"12"[31m
              [36m/>[31m
            [36m</div>[31m
          [36m</div>[31m
        [36m</div>[31m
      [36m</div>[31m
      [36m<div[31m
        [33mclass[31m=[32m"form-actions"[31m
        [33mstyle[31m=[32m"margin-top: 20px; display: flex; gap: 10px; justify-content: flex-end;"[31m
      [36m>[31m
        [36m<button[31m
          [33mclass[31m=[32m"btn-primary"[31m
        [36m>[31m
          [0m≡ƒÆ╛ Procesar Factura[0m
        [36m</button>[31m
      [36m</div>[31m
      [36m<div[31m
        [33mclass[31m=[32m"modal-overlay animate-fade"[31m
      [36m>[31m
        [36m<div[31m
          [33mclass[31m=[32m"confirm-modal glassmorphism animate-in"[31m
        [36m>[31m
          [36m<div[31m
            [33mclass[31m=[32m"modal-header"[31m
          [36m>[31m
            [36m<div[31m
              [33mclass[31m=[32m"modal-icon danger"[31m
            [36m>[31m
              [0mΓÜá∩╕Å[0m
            [36m</div>[31m
            [36m<h3>[31m
              [0mCampo Requerido[0m
            [36m</h3>[31m
          [36m</div>[31m
          [36m<div[31m
            [33mclass[31m=[32m"modal-body"[31m
          [36m>[31m
            [36m<p>[31m
              [0mDebe ingresar los ├║ltimos 4 d├¡gitos de la referencia[0m
            [36m</p>[31m
          [36m</div>[31m
          [36m<div[31m
            [33mclass[31m=[32m"modal-footer"[31m
          [36m>[31m
            [36m<button[31m
              [33mclass[31m=[32m"btn-primary btn-danger-gradient"[31m
              [33mstyle[31m=[32m"width: 100%;"[31m
            [36m>[31m
              [0mEntendido[0m
            [36m</button>[31m
          [36m</div>[31m
        [36m</div>[31m
      [36m</div>[31m
    [36m</div>[31m
  [36m</div>[31m
[36m</body>[31m

Ignored nodes: comments, script, style
[36m<html>[31m
  [36m<head />[31m
  [36m<body>[31m
    [36m<div>[31m
      [36m<div[31m
        [33mclass[31m=[32m"patient-list animate-in"[31m
      [36m>[31m
        [36m<div[31m
          [33mclass[31m=[32m"patient-form-grid"[31m
          [33mstyle[31m=[32m"margin-top: 0px; margin-bottom: 20px;"[31m
        [36m>[31m
          [36m<div[31m
            [33mclass[31m=[32m"form-group full-width"[31m
          [36m>[31m
            [36m<label>[31m
              [0mPaciente *[0m
            [36m</label>[31m
            [36m<div[31m
              [33mstyle[31m=[32m"position: relative;"[31m
            [36m>[31m
              [36m<input[31m
                [33mautocomplete[31m=[32m"off"[31m
                [33mplaceholder[31m=[32m"Buscar paciente por nombre o c├⌐dula..."[31m
                [33mtype[31m=[32m"text"[31m
                [33mvalue[31m=[32m"Juan P├⌐rez"[31m
              [36m/>[31m
            [36m</div>[31m
          [36m</div>[31m
          [36m<div[31m
            [33mclass[31m=[32m"form-group"[31m
          [36m>[31m
            [36m<label[31m
              [33mfor[31m=[32m"select-medico"[31m
            [36m>[31m
              [0mM├⌐dico Tratante *[0m
            [36m</label>[31m
            [36m<select[31m
              [33mid[31m=[32m"select-medico"[31m
            [36m>[31m
              [36m<option[31m
                [33mvalue[31m=[32m""[31m
              [36m>[31m
                [0mSeleccione un m├⌐dico...[0m
              [36m</option>[31m
              [36m<option[31m
                [33mvalue[31m=[32m"1"[31m
              [36m>[31m
                [0mDr. House[0m
                [0m ([0m
                [0mMedicina General[0m
                [0m) - [0m
                [0m10[0m
                [0m% comisi├│n[0m
              [36m</option>[31m
            [36m</select>[31m
          [36m</div>[31m
          [36m<div[31m
            [33mclass[31m=[32m"form-group"[31m
          [36m>[31m
            [36m<label>[31m
              [0mTasa de Cambio (USD ΓåÆ VES) *[0m
            [36m</label>[31m
            [36m<input[31m
              [33mid[31m=[32m"exchange-rate-input"[31m
              [33minputmode[31m=[32m"decimal"[31m
              [33mplaceholder[31m=[32m"Ej: 144.50"[31m
              [33mtype[31m=[32m"text"[31m
              [33mvalue[31m=[32m"36"[31m
            [36m/>[31m
            [36m<span[31m
              [33mstyle[31m=[32m"font-size: 0.82rem; color: var(--text-secondary); margin-top: 4px; display: block;"[31m
            [36m>[31m
              [0m1 USD = [0m
              [0m36.00[0m
              [0m VES[0m
            [36m</span>[31m
          [36m</div>[31m
        [36m</div>[31m
        [36m<hr[31m
          [33mstyle[31m=[32m"margin: 20px 0px; border-color: var(--border-color);"[31m
        [36m/>[31m
        [36m<div[31m
          [33mclass[31m=[32m"form-group"[31m
        [36m>[31m
          [36m<label[31m
            [33mfor[31m=[32m"select-servicio"[31m
          [36m>[31m
            [0mAgregar Servicios[0m
          [36m</label>[31m
          [36m<div[31m
            [33mstyle[31m=[32m"display: flex; gap: 10px;"[31m
          [36m>[31m
            [36m<select[31m
              [33mclass[31m=[32m"form-input"[31m
              [33mid[31m=[32m"select-servicio"[31m
              [33mstyle[31m=[32m"flex: 2 1 0%;"[31m
            [36m>[31m
              [36m<option[31m
                [33mdisabled[31m=[32m""[31m
                [33mselected[31m=[32m""[31m
                [33mvalue[31m=[32m""[31m
              [36m>[31m
                [0mSeleccione un servicio...[0m
              [36m</option>[31m
              [36m<option[31m
                [33mvalue[31m=[32m"1"[31m
              [36m>[31m
                [0mConsulta General[0m
                [0m - $[0m
                [0m30.00[0m
                [0m ([0m
                [0mExento[0m
                [0m)[0m
              [36m</option>[31m
              [36m<option[31m
                [33mvalue[31m=[32m"2"[31m
              [36m>[31m
                [0mElectrocardiograma[0m
                [0m - $[0m
                [0m50.00[0m
                [0m ([0m
                [0mIVA 16%[0m
                [0m)[0m
              [36m</option>[31m
            [36m</select>[31m
          [36m</div>[31m
        [36m</div>[31m
        [36m<div[31m
          [33mclass[31m=[32m"table-wrapper glassmorphism"[31m
          [33mstyle[31m=[32m"margin-top: 15px;"[31m
        [36m>[31m
          [36m<table[31m
            [33mclass[31m=[32m"modern-table"[31m
          [36m>[31m
            [36m<thead>[31m
              [36m<tr>[31m
                [36m<th>[31m
                  [0mServicio[0m
                [36m</th>[31m
                [36m<th>[31m
                  [0mPrecio Unit.[0m
                [36m</th>[31m
                [36m<th>[31m
                  [0mCantidad[0m
                [36m</th>[31m
                [36m<th>[31m
                  [0mSubtotal[0m
                [36m</th>[31m
                [36m<th>[31m
                  [0mIVA[0m
                [36m</th>[31m
                [36m<th>[31m
                  [0mTotal[0m
                [36m</th>[31m
                [36m<th>[31m
                  [0mAcciones[0m
                [36m</th>[31m
              [36m</tr>[31m
            [36m</thead>[31m
            [36m<tbody>[31m
              [36m<tr>[31m
                [36m<td>[31m
                  [0mConsulta General[0m
                [36m</td>[31m
                [36m<td>[31m
                  [0m$[0m
                  [0m30.00[0m
                [36m</td>[31m
                [36m<td>[31m
                  [36m<div[31m
                    [33mstyle[31m=[32m"display: flex; align-items: center; gap: 8px;"[31m
                  [36m>[31m
                    [36m<button[31m
                      [33mclass[31m=[32m"btn-view"[31m
                      [33mstyle[31m=[32m"width: 28px; height: 28px;"[31m
                      [33mtype[31m=[32m"button"[31m
                    [36m>[31m
                      [0m-[0m
                    [36m</button>[31m
                    [36m<span[31m
                      [33mstyle[31m=[32m"font-weight: bold; width: 20px; text-align: center;"[31m
                    [36m>[31m
                      [0m1[0m
                    [36m</span>[31m
                    [36m<button[31m
                      [33mclass[31m=[32m"btn-view"[31m
                      [33mstyle[31m=[32m"width: 28px; height: 28px;"[31m
                      [33mtype[31m=[32m"button"[31m
                    [36m>[31m
                      [0m+[0m
                    [36m</button>[31m
                  [36m</div>[31m
                [36m</td>[31m
                [36m<td>[31m
                  [0m$[0m
                  [0m30.00[0m
                [36m</td>[31m
                [36m<td>[31m
                  [36m<span[31m
                    [33mclass[31m=[32m"status-badge active"[31m
                  [36m>[31m
                    [0mExento[0m
                  [36m</span>[31m
                [36m</td>[31m
                [36m<td>[31m
                  [0m$[0m
                  [0m30.00[0m
                [36m</td>[31m
                [36m<td>[31m
                  [36m<button[31m
                    [33mclass[31m=[32m"btn-delete"[31m
                    [33mtitle[31m=[32m"Eliminar"[31m
                    [33mtype[31m=[32m"button"[31m
                  [36m>[31m
                    [0m≡ƒùæ∩╕Å[0m
                  [36m</button>[31m
                [36m</td>[31m
              [36m</tr>[31m
            [36m</tbody>[31m
          [36m</table>[31m
        [36m</div>[31m
        [36m<div[31m
          [33mclass[31m=[32m"totals-panel glassmorphism"[31m
          [33mstyle[31m=[32m"margin-top: 20px; padding: 20px; border-radius: 12px; background: var(--bg-secondary); border: 1px solid var(--border-color);"[31m
        [36m>[31m
          [36m<div[31m
            [33mstyle[31m=[32m"display: grid; grid-template-columns: 1fr 1fr; gap: 30px;"[31m
          [36m>[31m
            [36m<div>[31m
              [36m<h4[31m
                [33mstyle[31m=[32m"margin-bottom: 15px;"[31m
              [36m>[31m
                [0mResumen en USD[0m
              [36m</h4>[31m
              [36m<div[31m
                [33mstyle[31m=[32m"display: flex; justify-content: space-between; margin-bottom: 8px;"[31m
              [36m>[31m
                [36m<span>[31m
                  [0mSubtotal:[0m
                [36m</span>[31m
                [36m<span>[31m
                  [0m$[0m
                  [0m30.00[0m
                [36m</span>[31m
              [36m</div>[31m
              [36m<div[31m
                [33mstyle[31m=[32m"display: flex; justify-content: space-between; margin-bottom: 8px;"[31m
              [36m>[31m
                [36m<span>[31m
                  [0mIVA (16%):[0m
                [36m</span>[31m
                [36m<span>[31m
                  [0m$[0m
                  [0m0.00[0m
                [36m</span>[31m
              [36m</div>[31m
              [36m<div[31m
                [33mstyle[31m=[32m"display: flex; justify-content: space-between; margin-bottom: 8px; font-weight: 700; font-size: 1.1rem;"[31m
              [36m>[31m
                [36m<span>[31m
                  [0mTotal USD:[0m
                [36m</span>[31m
                [36m<span[31m
                  [33mclass[31m=[32m"text-cyan"[31m
                [36m>[31m
                  [0m$[0m
                  [0m0.00[0m
                [36m</span>[31m
              [36m</div>[31m
            [36m</div>[31m
            [36m<div>[31m
              [36m<h4[31m
                [33mstyle[31m=[32m"margin-bottom: 15px;"[31m
              [36m>[31m
                [0mTotal en VES[0m
              [36m</h4>[31m
              [36m<div[31m
                [33mstyle[31m=[32m"display: flex; justify-content: space-between; font-weight: 700; font-size: 1.3rem;"[31m
              [36m>[31m
                [36m<span>[31m
                  [0mTotal:[0m
                [36m</span>[31m
                [36m<span[31m
                  [33mclass[31m=[32m"text-cyan"[31m
                [36m>[31m
                  [0mBs. [0m
                  [0m0.00[0m
                [36m</span>[31m
              [36m</div>[31m
              [36m<div[31m
                [33mstyle[31m=[32m"font-size: 0.85rem; color: var(--text-secondary); margin-top: 5px;"[31m
              [36m>[31m
                [0mTasa: [0m
                [0m36[0m
                [0m VES/USD[0m
              [36m</div>[31m
            [36m</div>[31m
          [36m</div>[31m
          [36m<div[31m
            [33mstyle[31m=[32m"margin-top: 20px; padding-top: 20px; border-top: 1px dashed var(--border-color);"[31m
          [36m>[31m
            [36m<h4[31m
              [33mstyle[31m=[32m"margin-bottom: 15px;"[31m
            [36m>[31m
              [0mInformaci├│n de Pago[0m
            [36m</h4>[31m
            [36m<div[31m
              [33mclass[31m=[32m"patient-form-grid"[31m
              [33mstyle[31m=[32m"margin-top: 0px;"[31m
            [36m>[31m
              [36m<div[31m
                [33mclass[31m=[32m"form-group"[31m
              [36m>[31m
                [36m<label[31m
                  [33mfor[31m=[32m"metodo-pago-select"[31m
                [36m>[31m
                  [0mM├⌐todo de Pago *[0m
                [36m</label>[31m
                [36m<select[31m
                  [33mid[31m=[32m"metodo-pago-select"[31m
                [36m>[31m
                  [36m<option[31m
                    [33mvalue[31m=[32m"EFECTIVO_USD"[31m
                  [36m>[31m
                    [0m≡ƒÆ╡ Efectivo USD[0m
                  [36m</option>[31m
                  [36m<option[31m
                    [33mvalue[31m=[32m"TRANSFERENCIA"[31m
                  [36m>[31m
                    [0m≡ƒÅª Transferencia Bancaria[0m
                  [36m</option>[31m
                  [36m<option[31m
                    [33mvalue[31m=[32m"PAGO_MOVIL"[31m
                  [36m>[31m
                    [0m≡ƒô▒ Pago M├│vil[0m
                  [36m</option>[31m
                [36m</select>[31m
              [36m</div>[31m
              [36m<div[31m
                [33mclass[31m=[32m"form-group"[31m
              [36m>[31m
                [36m<label>[31m
                  [0m├Ültimos 4 D├¡gitos de Referencia *[0m
                [36m</label>[31m
                [36m<input[31m
                  [33mplaceholder[31m=[32m"Ej: 1234"[31m
                  [33mtype[31m=[32m"text"[31m
                  [33mvalue[31m=[32m"12"[31m
                [36m/>[31m
              [36m</div>[31m
            [36m</div>[31m
          [36m</div>[31m
        [36m</div>[31m
        [36m<div[31m
          [33mclass[31m=[32m"form-actions"[31m
          [33mstyle[31m=[32m"margin-top: 20px; display: flex; gap: 10px; justify-content: flex-end;"[31m
        [36m>[31m
          [36m<button[31m
            [33mclass[31m=[32m"btn-primary"[31m
          [36m>[31m
            [0m≡ƒÆ╛ Procesar Factura[0m
          [36m</button>[31m
        [36m</div>[31m
        [36m<div[31m
          [33mclass[31m=[32m"modal-overlay animate-fade"[31m
        [36m>[31m
          [36m<div[31m
            [33mclass[31m=[32m"confirm-modal glassmorphism animate-in"[31m
          [36m>[31m
            [36m<div[31m
              [33mclass[31m=[32m"modal-header"[31m
            [36m>[31m
              [36m<div[31m
                [33mclass[31m=[32m"modal-icon danger"[31m
              [36m>[31m
                [0mΓÜá∩╕Å[0m
              [36m</div>[31m
              [36m<h3>[31m
                [0mCampo Requerido[0m
              [36m</h3>[31m
            [36m</div>[31m
            [36m<div[31m
              [33mclass[31m=[32m"modal-body"[31m
            [36m>[31m
              [36m<p>[31m
                [0mDebe ingresar los ├║ltimos 4 d├¡gitos de la referencia[0m
              [36m</p>[31m
            [36m</div>[31m
            [36m<div[31m
              [33mclass[31m=[32m"modal-footer"[31m
            [36m>[31m
              [36m<button[31m
                [33mclass[31m=[32m"btn-primary btn-danger-gradient"[31m
                [33mstyle[31m=[32m"width: 100%;"[31m
              [36m>[31m
                [0mEntendido[0m
              [36m</button>[31m
            [36m</div>[31m
          [36m</div>[31m
        [36m</div>[31m
      [36m</div>[31m
    [36m</div>[31m
  [36m</body>[31m
[36m</html>[31m[39m
 [32mΓ£ô[39m tests/integration/services.integration.test.jsx [2m ([22m[2m7 tests[22m[2m)[22m[33m 2553[2mms[22m[39m
 [32mΓ£ô[39m tests/reportService.test.js [2m ([22m[2m4 tests[22m[2m)[22m[90m 63[2mms[22m[39m
node.exe : [90mstderr[2m | tests/unit/ServicesUI.test.jsx[2m > [22m[2mServices UI - Functional Button Tests[2m > 
[22m[2mServiceList should call deleteService when clicking trash icon[22m[39m
En línea: 1 Carácter: 1
+ & "C:\Program Files\nodejs/node.exe" "C:\Program Files\nodejs/node_mo ...
+ ~~~~~~~~~~~~~~~~~~~~~~~~~~~~~~~~~~~~~~~~~~~~~~~~~~~~~~~~~~~~~~~~~~~~~
    + CategoryInfo          : NotSpecified: ([90mstderr[2m... icon[22m[39m:String) [], RemoteException
    + FullyQualifiedErrorId : NativeCommandError
 
An update to ServiceList inside a test was not wrapped in act(...).

When testing, code that causes React state updates should be wrapped into act(...):

act(() => {
  /* fire events that update state */
});
/* assert on the output */

This ensures that you're testing the behavior the user would see in the browser. Learn more at 
https://react.dev/link/wrap-tests-with-act
An update to ServiceList inside a test was not wrapped in act(...).

When testing, code that causes React state updates should be wrapped into act(...):

act(() => {
  /* fire events that update state */
});
/* assert on the output */

This ensures that you're testing the behavior the user would see in the browser. Learn more at 
https://react.dev/link/wrap-tests-with-act
An update to ServiceList inside a test was not wrapped in act(...).

When testing, code that causes React state updates should be wrapped into act(...):

act(() => {
  /* fire events that update state */
});
/* assert on the output */

This ensures that you're testing the behavior the user would see in the browser. Learn more at 
https://react.dev/link/wrap-tests-with-act
An update to ServiceList inside a test was not wrapped in act(...).

When testing, code that causes React state updates should be wrapped into act(...):

act(() => {
  /* fire events that update state */
});
/* assert on the output */

This ensures that you're testing the behavior the user would see in the browser. Learn more at 
https://react.dev/link/wrap-tests-with-act

 [32mΓ£ô[39m tests/unit/ServicesUI.test.jsx [2m ([22m[2m3 tests[22m[2m)[22m[33m 788[2mms[22m[39m
 [32mΓ£ô[39m tests/unit/DoctorService.test.jsx [2m ([22m[2m5 tests[22m[2m)[22m[90m 18[2mms[22m[39m
[90mstdout[2m | tests/unit/BrowserPersistence.test.js[2m > [22m[2mBrowser Persistence (localStorage)[2m > [22m[2mshould update a doctor in localStorage[22m[39m
DB Local Actualizada (localStorage):
ΓöîΓöÇΓöÇΓöÇΓöÇΓöÇΓöÇΓöÇΓöÇΓöÇΓö¼ΓöÇΓöÇΓöÇΓöÇΓö¼ΓöÇΓöÇΓöÇΓöÇΓöÇΓöÇΓöÇΓöÇΓöÇΓöÇΓöÇΓöÇΓöÇΓöÇΓöÇΓöÇΓöÇΓöÇΓöÇΓöÇΓöÇΓöÇΓöÇΓöÇΓö¼ΓöÇΓöÇΓöÇΓöÇΓöÇΓöÇΓöÇΓöÇΓöÇΓöÇΓöÇΓöÇΓö¼ΓöÇΓöÇΓöÇΓöÇΓöÇΓöÇΓöÇΓöÇΓöÇΓöÇΓöÇΓöÇΓöÇΓöÇΓöÇΓöÇΓö¼ΓöÇΓöÇΓöÇΓöÇΓöÇΓöÇΓöÇΓöÇΓöÇΓöÇΓöÇΓöÇΓöÇΓöÇΓöÇΓöÇΓöÇΓöÇΓöÇΓöÇΓöÇΓöÇΓöÇΓöÇΓöÇΓö¼ΓöÇΓöÇΓöÇΓöÇΓöÇΓöÇΓöÇΓöÇΓöÇΓöÇΓöÇΓöÇΓöÇΓöÇΓöÇΓö¼ΓöÇΓöÇΓöÇΓöÇΓöÇΓöÇΓöÇΓöÇΓöÇΓöÇΓöÇΓöÇΓöÇΓöÇΓöÇΓöÇΓöÇΓöÇΓöÇΓöÇΓöÇΓö¼ΓöÇΓöÇΓöÇΓöÇΓöÇΓöÇΓöÇΓöÇΓöÉ
Γöé (index) Γöé id Γöé nombre                 Γöé cedula_rif Γöé telefono       Γöé correo                  Γöé especialidad  Γöé porcentaje_comision Γöé activo Γöé
Γö£ΓöÇΓöÇΓöÇΓöÇΓöÇΓöÇΓöÇΓöÇΓöÇΓö╝ΓöÇΓöÇΓöÇΓöÇΓö╝ΓöÇΓöÇΓöÇΓöÇΓöÇΓöÇΓöÇΓöÇΓöÇΓöÇΓöÇΓöÇΓöÇΓöÇΓöÇΓöÇΓöÇΓöÇΓöÇΓöÇΓöÇΓöÇΓöÇΓöÇΓö╝ΓöÇΓöÇΓöÇΓöÇΓöÇΓöÇΓöÇΓöÇΓöÇΓöÇΓöÇΓöÇΓö╝ΓöÇΓöÇΓöÇΓöÇΓöÇΓöÇΓöÇΓöÇΓöÇΓöÇΓöÇΓöÇΓöÇΓöÇΓöÇΓöÇΓö╝ΓöÇΓöÇΓöÇΓöÇΓöÇΓöÇΓöÇΓöÇΓöÇΓöÇΓöÇΓöÇΓöÇΓöÇΓöÇΓöÇΓöÇΓöÇΓöÇΓöÇΓöÇΓöÇΓöÇΓöÇΓöÇΓö╝ΓöÇΓöÇΓöÇΓöÇΓöÇΓöÇΓöÇΓöÇΓöÇΓöÇΓöÇΓöÇΓöÇΓöÇΓöÇΓö╝ΓöÇΓöÇΓöÇΓöÇΓöÇΓöÇΓöÇΓöÇΓöÇΓöÇΓöÇΓöÇΓöÇΓöÇΓöÇΓöÇΓöÇΓöÇΓöÇΓöÇΓöÇΓö╝ΓöÇΓöÇΓöÇΓöÇΓöÇΓöÇΓöÇΓöÇΓöñ
Γöé 0       Γöé [33m1[39m  Γöé [32m'Updated via Test'[39m     Γöé [32m'V-12345'[39m  Γöé [32m'0412-5551234'[39m Γöé [32m'house@princeton.com'[39m   Γöé [32m'Diagn├│stico'[39m Γöé [33m30[39m                  Γöé [33m1[39m      Γöé
Γöé 1       Γöé [33m2[39m  Γöé [32m'Dra. Allison Cameron'[39m Γöé [32m'V-67890'[39m  Γöé [32m'0424-5556789'[39m Γöé [32m'cameron@princeton.com'[39m Γöé [32m'Inmunolog├¡a'[39m Γöé [33m25[39m                  Γöé [33m1[39m      Γöé
ΓööΓöÇΓöÇΓöÇΓöÇΓöÇΓöÇΓöÇΓöÇΓöÇΓö┤ΓöÇΓöÇΓöÇΓöÇΓö┤ΓöÇΓöÇΓöÇΓöÇΓöÇΓöÇΓöÇΓöÇΓöÇΓöÇΓöÇΓöÇΓöÇΓöÇΓöÇΓöÇΓöÇΓöÇΓöÇΓöÇΓöÇΓöÇΓöÇΓöÇΓö┤ΓöÇΓöÇΓöÇΓöÇΓöÇΓöÇΓöÇΓöÇΓöÇΓöÇΓöÇΓöÇΓö┤ΓöÇΓöÇΓöÇΓöÇΓöÇΓöÇΓöÇΓöÇΓöÇΓöÇΓöÇΓöÇΓöÇΓöÇΓöÇΓöÇΓö┤ΓöÇΓöÇΓöÇΓöÇΓöÇΓöÇΓöÇΓöÇΓöÇΓöÇΓöÇΓöÇΓöÇΓöÇΓöÇΓöÇΓöÇΓöÇΓöÇΓöÇΓöÇΓöÇΓöÇΓöÇΓöÇΓö┤ΓöÇΓöÇΓöÇΓöÇΓöÇΓöÇΓöÇΓöÇΓöÇΓöÇΓöÇΓöÇΓöÇΓöÇΓöÇΓö┤ΓöÇΓöÇΓöÇΓöÇΓöÇΓöÇΓöÇΓöÇΓöÇΓöÇΓöÇΓöÇΓöÇΓöÇΓöÇΓöÇΓöÇΓöÇΓöÇΓöÇΓöÇΓö┤ΓöÇΓöÇΓöÇΓöÇΓöÇΓöÇΓöÇΓöÇΓöÿ

[90mstdout[2m | tests/unit/BrowserPersistence.test.js[2m > [22m[2mBrowser Persistence (localStorage)[2m > [22m[2mshould delete (deactivate) a doctor in localStorage[22m[39m
DB Local Actualizada (localStorage):
ΓöîΓöÇΓöÇΓöÇΓöÇΓöÇΓöÇΓöÇΓöÇΓöÇΓö¼ΓöÇΓöÇΓöÇΓöÇΓö¼ΓöÇΓöÇΓöÇΓöÇΓöÇΓöÇΓöÇΓöÇΓöÇΓöÇΓöÇΓöÇΓöÇΓöÇΓöÇΓöÇΓöÇΓöÇΓöÇΓöÇΓöÇΓöÇΓöÇΓöÇΓö¼ΓöÇΓöÇΓöÇΓöÇΓöÇΓöÇΓöÇΓöÇΓöÇΓöÇΓöÇΓöÇΓö¼ΓöÇΓöÇΓöÇΓöÇΓöÇΓöÇΓöÇΓöÇΓöÇΓöÇΓöÇΓöÇΓöÇΓöÇΓöÇΓöÇΓö¼ΓöÇΓöÇΓöÇΓöÇΓöÇΓöÇΓöÇΓöÇΓöÇΓöÇΓöÇΓöÇΓöÇΓöÇΓöÇΓöÇΓöÇΓöÇΓöÇΓöÇΓöÇΓöÇΓöÇΓöÇΓöÇΓö¼ΓöÇΓöÇΓöÇΓöÇΓöÇΓöÇΓöÇΓöÇΓöÇΓöÇΓöÇΓöÇΓöÇΓöÇΓöÇΓö¼ΓöÇΓöÇΓöÇΓöÇΓöÇΓöÇΓöÇΓöÇΓöÇΓöÇΓöÇΓöÇΓöÇΓöÇΓöÇΓöÇΓöÇΓöÇΓöÇΓöÇΓöÇΓö¼ΓöÇΓöÇΓöÇΓöÇΓöÇΓöÇΓöÇΓöÇΓöÉ
Γöé (index) Γöé id Γöé nombre                 Γöé cedula_rif Γöé telefono       Γöé correo                  Γöé especialidad  Γöé porcentaje_comision Γöé activo Γöé
Γö£ΓöÇΓöÇΓöÇΓöÇΓöÇΓöÇΓöÇΓöÇΓöÇΓö╝ΓöÇΓöÇΓöÇΓöÇΓö╝ΓöÇΓöÇΓöÇΓöÇΓöÇΓöÇΓöÇΓöÇΓöÇΓöÇΓöÇΓöÇΓöÇΓöÇΓöÇΓöÇΓöÇΓöÇΓöÇΓöÇΓöÇΓöÇΓöÇΓöÇΓö╝ΓöÇΓöÇΓöÇΓöÇΓöÇΓöÇΓöÇΓöÇΓöÇΓöÇΓöÇΓöÇΓö╝ΓöÇΓöÇΓöÇΓöÇΓöÇΓöÇΓöÇΓöÇΓöÇΓöÇΓöÇΓöÇΓöÇΓöÇΓöÇΓöÇΓö╝ΓöÇΓöÇΓöÇΓöÇΓöÇΓöÇΓöÇΓöÇΓöÇΓöÇΓöÇΓöÇΓöÇΓöÇΓöÇΓöÇΓöÇΓöÇΓöÇΓöÇΓöÇΓöÇΓöÇΓöÇΓöÇΓö╝ΓöÇΓöÇΓöÇΓöÇΓöÇΓöÇΓöÇΓöÇΓöÇΓöÇΓöÇΓöÇΓöÇΓöÇΓöÇΓö╝ΓöÇΓöÇΓöÇΓöÇΓöÇΓöÇΓöÇΓöÇΓöÇΓöÇΓöÇΓöÇΓöÇΓöÇΓöÇΓöÇΓöÇΓöÇΓöÇΓöÇΓöÇΓö╝ΓöÇΓöÇΓöÇΓöÇΓöÇΓöÇΓöÇΓöÇΓöñ
Γöé 0       Γöé [33m2[39m  Γöé [32m'Dra. Allison Cameron'[39m Γöé [32m'V-67890'[39m  Γöé [32m'0424-5556789'[39m Γöé [32m'cameron@princeton.com'[39m Γöé [32m'Inmunolog├¡a'[39m Γöé [33m25[39m                  Γöé [33m1[39m      Γöé
ΓööΓöÇΓöÇΓöÇΓöÇΓöÇΓöÇΓöÇΓöÇΓöÇΓö┤ΓöÇΓöÇΓöÇΓöÇΓö┤ΓöÇΓöÇΓöÇΓöÇΓöÇΓöÇΓöÇΓöÇΓöÇΓöÇΓöÇΓöÇΓöÇΓöÇΓöÇΓöÇΓöÇΓöÇΓöÇΓöÇΓöÇΓöÇΓöÇΓöÇΓö┤ΓöÇΓöÇΓöÇΓöÇΓöÇΓöÇΓöÇΓöÇΓöÇΓöÇΓöÇΓöÇΓö┤ΓöÇΓöÇΓöÇΓöÇΓöÇΓöÇΓöÇΓöÇΓöÇΓöÇΓöÇΓöÇΓöÇΓöÇΓöÇΓöÇΓö┤ΓöÇΓöÇΓöÇΓöÇΓöÇΓöÇΓöÇΓöÇΓöÇΓöÇΓöÇΓöÇΓöÇΓöÇΓöÇΓöÇΓöÇΓöÇΓöÇΓöÇΓöÇΓöÇΓöÇΓöÇΓöÇΓö┤ΓöÇΓöÇΓöÇΓöÇΓöÇΓöÇΓöÇΓöÇΓöÇΓöÇΓöÇΓöÇΓöÇΓöÇΓöÇΓö┤ΓöÇΓöÇΓöÇΓöÇΓöÇΓöÇΓöÇΓöÇΓöÇΓöÇΓöÇΓöÇΓöÇΓöÇΓöÇΓöÇΓöÇΓöÇΓöÇΓöÇΓöÇΓö┤ΓöÇΓöÇΓöÇΓöÇΓöÇΓöÇΓöÇΓöÇΓöÿ
M├⌐dico 1 desactivado.

 [32mΓ£ô[39m tests/unit/BrowserPersistence.test.js [2m ([22m[2m3 tests[22m[2m)[22m[90m 19[2mms[22m[39m
 [32mΓ£ô[39m tests/unit/PatientService.test.jsx [2m ([22m[2m3 tests[22m[2m)[22m[90m 13[2mms[22m[39m
 [32mΓ£ô[39m tests/backupService.test.js [2m ([22m[2m4 tests[22m[2m)[22m[90m 13[2mms[22m[39m
[90mstdout[2m | tests/backupService.test.js[2m > [22m[2mBackup Service[2m > [22m[2mdebe simular el backup en entorno de pruebas (mock)[22m[39m
[BackupService] Simulando backup en el navegador...

 [32mΓ£ô[39m tests/unit/App.test.jsx [2m ([22m[2m3 tests[22m[2m)[22m[33m 899[2mms[22m[39m
 [32mΓ£ô[39m src/App.test.jsx [2m ([22m[2m2 tests[22m[2m)[22m[33m 477[2mms[22m[39m
 [32mΓ£ô[39m tests/unit/accounting.test.js [2m ([22m[2m3 tests[22m[2m)[22m[90m 7[2mms[22m[39m
 [32mΓ£ô[39m tests/unit/serviceLogic.test.js [2m ([22m[2m9 tests[22m[2m)[22m[90m 26[2mms[22m[39m
 [32mΓ£ô[39m tests/unit/db.manager.test.js [2m ([22m[2m6 tests[22m[2m)[22m[90m 71[2mms[22m[39m
 [32mΓ£ô[39m tests/integration/doctorDb.integration.test.js [2m ([22m[2m3 tests[22m[2m)[22m[90m 136[2mms[22m[39m
 [32mΓ£ô[39m tests/integration/persistence.test.js [2m ([22m[2m1 test[22m[2m)[22m[90m 54[2mms[22m[39m
 [32mΓ£ô[39m tests/integration/auth.test.js [2m ([22m[2m3 tests[22m[2m)[22m[33m 369[2mms[22m[39m

[31mΓÄ»ΓÄ»ΓÄ»ΓÄ»ΓÄ»ΓÄ»ΓÄ»[1m[7m Failed Tests 1 [27m[22mΓÄ»ΓÄ»ΓÄ»ΓÄ»ΓÄ»ΓÄ»ΓÄ»[39m

[31m[1m[7m FAIL [27m[22m[39m src/components/Billing/InvoiceForm.test.jsx[2m > [22mInvoiceForm[2m > [22mdebe 
validar que los d├¡gitos sean 4 en pagos electr├│nicos
[31m[1mTestingLibraryElementError[22m[39m: Found multiple elements with the text: /referencia/i

Here are the matching elements:

Ignored nodes: comments, script, style
[36m<label>[39m
  [0m├Ültimos 4 D├¡gitos de Referencia *[0m
[36m</label>[39m

Ignored nodes: comments, script, style
[36m<p>[39m
  [0mDebe ingresar los ├║ltimos 4 d├¡gitos de la referencia[0m
[36m</p>[39m

(If this is intentional, then use the `*AllBy*` variant of the query (like `queryAllByText`, `getAllByText`, or 
`findAllByText`)).

Ignored nodes: comments, script, style
[36m<body>[39m
  [36m<div>[39m
    [36m<div[39m
      [33mclass[39m=[32m"patient-list animate-in"[39m
    [36m>[39m
      [36m<div[39m
        [33mclass[39m=[32m"patient-form-grid"[39m
        [33mstyle[39m=[32m"margin-top: 0px; margin-bottom: 20px;"[39m
      [36m>[39m
        [36m<div[39m
          [33mclass[39m=[32m"form-group full-width"[39m
        [36m>[39m
          [36m<label>[39m
            [0mPaciente *[0m
          [36m</label>[39m
          [36m<div[39m
            [33mstyle[39m=[32m"position: relative;"[39m
          [36m>[39m
            [36m<input[39m
              [33mautocomplete[39m=[32m"off"[39m
              [33mplaceholder[39m=[32m"Buscar paciente por nombre o c├⌐dula..."[39m
              [33mtype[39m=[32m"text"[39m
              [33mvalue[39m=[32m"Juan P├⌐rez"[39m
            [36m/>[39m
          [36m</div>[39m
        [36m</div>[39m
        [36m<div[39m
          [33mclass[39m=[32m"form-group"[39m
        [36m>[39m
          [36m<label[39m
            [33mfor[39m=[32m"select-medico"[39m
          [36m>[39m
            [0mM├⌐dico Tratante *[0m
          [36m</label>[39m
          [36m<select[39m
            [33mid[39m=[32m"select-medico"[39m
          [36m>[39m
            [36m<option[39m
              [33mvalue[39m=[32m""[39m
            [36m>[39m
              [0mSeleccione un m├⌐dico...[0m
            [36m</option>[39m
            [36m<option[39m
              [33mvalue[39m=[32m"1"[39m
            [36m>[39m
              [0mDr. House[0m
              [0m ([0m
              [0mMedicina General[0m
              [0m) - [0m
              [0m10[0m
              [0m% comisi├│n[0m
            [36m</option>[39m
          [36m</select>[39m
        [36m</div>[39m
        [36m<div[39m
          [33mclass[39m=[32m"form-group"[39m
        [36m>[39m
          [36m<label>[39m
            [0mTasa de Cambio (USD ΓåÆ VES) *[0m
          [36m</label>[39m
          [36m<input[39m
            [33mid[39m=[32m"exchange-rate-input"[39m
            [33minputmode[39m=[32m"decimal"[39m
            [33mplaceholder[39m=[32m"Ej: 144.50"[39m
            [33mtype[39m=[32m"text"[39m
            [33mvalue[39m=[32m"36"[39m
          [36m/>[39m
          [36m<span[39m
            [33mstyle[39m=[32m"font-size: 0.82rem; color: var(--text-secondary); margin-top: 4px; display: 
block;"[39m
          [36m>[39m
            [0m1 USD = [0m
            [0m36.00[0m
            [0m VES[0m
          [36m</span>[39m
        [36m</div>[39m
      [36m</div>[39m
      [36m<hr[39m
        [33mstyle[39m=[32m"margin: 20px 0px; border-color: var(--border-color);"[39m
      [36m/>[39m
      [36m<div[39m
        [33mclass[39m=[32m"form-group"[39m
      [36m>[39m
        [36m<label[39m
          [33mfor[39m=[32m"select-servicio"[39m
        [36m>[39m
          [0mAgregar Servicios[0m
        [36m</label>[39m
        [36m<div[39m
          [33mstyle[39m=[32m"display: flex; gap: 10px;"[39m
        [36m>[39m
          [36m<select[39m
            [33mclass[39m=[32m"form-input"[39m
            [33mid[39m=[32m"select-servicio"[39m
            [33mstyle[39m=[32m"flex: 2 1 0%;"[39m
          [36m>[39m
            [36m<option[39m
              [33mdisabled[39m=[32m""[39m
              [33mselected[39m=[32m""[39m
              [33mvalue[39m=[32m""[39m
            [36m>[39m
              [0mSeleccione un servicio...[0m
            [36m</option>[39m
            [36m<option[39m
              [33mvalue[39m=[32m"1"[39m
            [36m>[39m
              [0mConsulta General[0m
              [0m - $[0m
              [0m30.00[0m
              [0m ([0m
              [0mExento[0m
              [0m)[0m
            [36m</option>[39m
            [36m<option[39m
              [33mvalue[39m=[32m"2"[39m
            [36m>[39m
              [0mElectrocardiograma[0m
              [0m - $[0m
              [0m50.00[0m
              [0m ([0m
              [0mIVA 16%[0m
              [0m)[0m
            [36m</option>[39m
          [36m</select>[39m
        [36m</div>[39m
      [36m</div>[39m
      [36m<div[39m
        [33mclass[39m=[32m"table-wrapper glassmorphism"[39m
        [33mstyle[39m=[32m"margin-top: 15px;"[39m
      [36m>[39m
        [36m<table[39m
          [33mclass[39m=[32m"modern-table"[39m
        [36m>[39m
          [36m<thead>[39m
            [36m<tr>[39m
              [36m<th>[39m
                [0mServicio[0m
              [36m</th>[39m
              [36m<th>[39m
                [0mPrecio Unit.[0m
              [36m</th>[39m
              [36m<th>[39m
                [0mCantidad[0m
              [36m</th>[39m
              [36m<th>[39m
                [0mSubtotal[0m
              [36m</th>[39m
              [36m<th>[39m
                [0mIVA[0m
              [36m</th>[39m
              [36m<th>[39m
                [0mTotal[0m
              [36m</th>[39m
              [36m<th>[39m
                [0mAcciones[0m
              [36m</th>[39m
            [36m</tr>[39m
          [36m</thead>[39m
          [36m<tbody>[39m
            [36m<tr>[39m
              [36m<td>[39m
                [0mConsulta General[0m
              [36m</td>[39m
              [36m<td>[39m
                [0m$[0m
                [0m30.00[0m
              [36m</td>[39m
              [36m<td>[39m
                [36m<div[39m
                  [33mstyle[39m=[32m"display: flex; align-items: center; gap: 8px;"[39m
                [36m>[39m
                  [36m<button[39m
                    [33mclass[39m=[32m"btn-view"[39m
                    [33mstyle[39m=[32m"width: 28px; height: 28px;"[39m
                    [33mtype[39m=[32m"button"[39m
                  [36m>[39m
                    [0m-[0m
                  [36m</button>[39m
                  [36m<span[39m
                    [33mstyle[39m=[32m"font-weight: bold; width: 20px; text-align: center;"[39m
                  [36m>[39m
                    [0m1[0m
                  [36m</span>[39m
                  [36m<button[39m
                    [33mclass[39m=[32m"btn-view"[39m
                    [33mstyle[39m=[32m"width: 28px; height: 28px;"[39m
                    [33mtype[39m=[32m"button"[39m
                  [36m>[39m
                    [0m+[0m
                  [36m</button>[39m
                [36m</div>[39m
              [36m</td>[39m
              [36m<td>[39m
                [0m$[0m
                [0m30.00[0m
              [36m</td>[39m
              [36m<td>[39m
                [36m<span[39m
                  [33mclass[39m=[32m"status-badge active"[39m
                [36m>[39m
                  [0mExento[0m
                [36m</span>[39m
              [36m</td>[39m
              [36m<td>[39m
                [0m$[0m
                [0m30.00[0m
              [36m</td>[39m
              [36m<td>[39m
                [36m<button[39m
                  [33mclass[39m=[32m"btn-delete"[39m
                  [33mtitle[39m=[32m"Eliminar"[39m
                  [33mtype[39m=[32m"button"[39m
                [36m>[39m
                  [0m≡ƒùæ∩╕Å[0m
                [36m</button>[39m
              [36m</td>[39m
            [36m</tr>[39m
          [36m</tbody>[39m
        [36m</table>[39m
      [36m</div>[39m
      [36m<div[39m
        [33mclass[39m=[32m"totals-panel glassmorphism"[39m
        [33mstyle[39m=[32m"margin-top: 20px; padding: 20px; border-radius: 12px; background: var(--bg-secondary); 
border: 1px solid var(--border-color);"[39m
      [36m>[39m
        [36m<div[39m
          [33mstyle[39m=[32m"display: grid; grid-template-columns: 1fr 1fr; gap: 30px;"[39m
        [36m>[39m
          [36m<div>[39m
            [36m<h4[39m
              [33mstyle[39m=[32m"margin-bottom: 15px;"[39m
            [36m>[39m
              [0mResumen en USD[0m
            [36m</h4>[39m
            [36m<div[39m
              [33mstyle[39m=[32m"display: flex; justify-content: space-between; margin-bottom: 8px;"[39m
            [36m>[39m
              [36m<span>[39m
                [0mSubtotal:[0m
              [36m</span>[39m
              [36m<span>[39m
                [0m$[0m
                [0m30.00[0m
              [36m</span>[39m
            [36m</div>[39m
            [36m<div[39m
              [33mstyle[39m=[32m"display: flex; justify-content: space-between; margin-bottom: 8px;"[39m
            [36m>[39m
              [36m<span>[39m
                [0mIVA (16%):[0m
              [36m</span>[39m
              [36m<span>[39m
                [0m$[0m
                [0m0.00[0m
              [36m</span>[39m
            [36m</div>[39m
            [36m<div[39m
              [33mstyle[39m=[32m"display: flex; justify-content: space-between; margin-bottom: 8px; font-weight: 
700; font-size: 1.1rem;"[39m
            [36m>[39m
              [36m<span>[39m
                [0mTotal USD:[0m
              [36m</span>[39m
              [36m<span[39m
                [33mclass[39m=[32m"text-cyan"[39m
              [36m>[39m
                [0m$[0m
                [0m0.00[0m
              [36m</span>[39m
            [36m</div>[39m
          [36m</div>[39m
          [36m<div>[39m
            [36m<h4[39m
              [33mstyle[39m=[32m"margin-bottom: 15px;"[39m
            [36m>[39m
              [0mTotal en VES[0m
            [36m</h4>[39m
            [36m<div[39m
              [33mstyle[39m=[32m"display: flex; justify-content: space-between; font-weight: 700; font-size: 
1.3rem;"[39m
            [36m>[39m
              [36m<span>[39m
                [0mTotal:[0m
              [36m</span>[39m
              [36m<span[39m
                [33mclass[39m=[32m"text-cyan"[39m
              [36m>[39m
                [0mBs. [0m
                [0m0.00[0m
              [36m</span>[39m
            [36m</div>[39m
            [36m<div[39m
              [33mstyle[39m=[32m"font-size: 0.85rem; color: var(--text-secondary); margin-top: 5px;"[39m
            [36m>[39m
              [0mTasa: [0m
              [0m36[0m
              [0m VES/USD[0m
            [36m</div>[39m
          [36m</div>[39m
        [36m</div>[39m
        [36m<div[39m
          [33mstyle[39m=[32m"margin-top: 20px; padding-top: 20px; border-top: 1px dashed var(--border-color);"[39m
        [36m>[39m
          [36m<h4[39m
            [33mstyle[39m=[32m"margin-bottom: 15px;"[39m
          [36m>[39m
            [0mInformaci├│n de Pago[0m
          [36m</h4>[39m
          [36m<div[39m
            [33mclass[39m=[32m"patient-form-grid"[39m
            [33mstyle[39m=[32m"margin-top: 0px;"[39m
          [36m>[39m
            [36m<div[39m
              [33mclass[39m=[32m"form-group"[39m
            [36m>[39m
              [36m<label[39m
                [33mfor[39m=[32m"metodo-pago-select"[39m
              [36m>[39m
                [0mM├⌐todo de Pago *[0m
              [36m</label>[39m
              [36m<select[39m
                [33mid[39m=[32m"metodo-pago-select"[39m
              [36m>[39m
                [36m<option[39m
                  [33mvalue[39m=[32m"EFECTIVO_USD"[39m
                [36m>[39m
                  [0m≡ƒÆ╡ Efectivo USD[0m
                [36m</option>[39m
                [36m<option[39m
                  [33mvalue[39m=[32m"TRANSFERENCIA"[39m
                [36m>[39m
                  [0m≡ƒÅª Transferencia Bancaria[0m
                [36m</option>[39m
                [36m<option[39m
                  [33mvalue[39m=[32m"PAGO_MOVIL"[39m
                [36m>[39m
                  [0m≡ƒô▒ Pago M├│vil[0m
                [36m</option>[39m
              [36m</select>[39m
            [36m</div>[39m
            [36m<div[39m
              [33mclass[39m=[32m"form-group"[39m
            [36m>[39m
              [36m<label>[39m
                [0m├Ültimos 4 D├¡gitos de Referencia *[0m
              [36m</label>[39m
              [36m<input[39m
                [33mplaceholder[39m=[32m"Ej: 1234"[39m
                [33mtype[39m=[32m"text"[39m
                [33mvalue[39m=[32m"12"[39m
              [36m/>[39m
            [36m</div>[39m
          [36m</div>[39m
        [36m</div>[39m
      [36m</div>[39m
      [36m<div[39m
        [33mclass[39m=[32m"form-actions"[39m
        [33mstyle[39m=[32m"margin-top: 20px; display: flex; gap: 10px; justify-content: flex-end;"[39m
      [36m>[39m
        [36m<button[39m
          [33mclass[39m=[32m"btn-primary"[39m
        [36m>[39m
          [0m≡ƒÆ╛ Procesar Factura[0m
        [36m</button>[39m
      [36m</div>[39m
      [36m<div[39m
        [33mclass[39m=[32m"modal-overlay animate-fade"[39m
      [36m>[39m
        [36m<div[39m
          [33mclass[39m=[32m"confirm-modal glassmorphism animate-in"[39m
        [36m>[39m
          [36m<div[39m
            [33mclass[39m=[32m"modal-header"[39m
          [36m>[39m
            [36m<div[39m
              [33mclass[39m=[32m"modal-icon danger"[39m
            [36m>[39m
              [0mΓÜá∩╕Å[0m
            [36m</div>[39m
            [36m<h3>[39m
              [0mCampo Requerido[0m
            [36m</h3>[39m
          [36m</div>[39m
          [36m<div[39m
            [33mclass[39m=[32m"modal-body"[39m
          [36m>[39m
            [36m<p>[39m
              [0mDebe ingresar los ├║ltimos 4 d├¡gitos de la referencia[0m
            [36m</p>[39m
          [36m</div>[39m
          [36m<div[39m
            [33mclass[39m=[32m"modal-footer"[39m
          [36m>[39m
            [36m<button[39m
              [33mclass[39m=[32m"btn-primary btn-danger-gradient"[39m
              [33mstyle[39m=[32m"width: 100%;"[39m
            [36m>[39m
              [0mEntendido[0m
            [36m</button>[39m
          [36m</div>[39m
        [36m</div>[39m
      [36m</div>[39m
    [36m</div>[39m
  [36m</div>[39m
[36m</body>[39m

Ignored nodes: comments, script, style
[36m<html>[39m
  [36m<head />[39m
  [36m<body>[39m
    [36m<div>[39m
      [36m<div[39m
        [33mclass[39m=[32m"patient-list animate-in"[39m
      [36m>[39m
        [36m<div[39m
          [33mclass[39m=[32m"patient-form-grid"[39m
          [33mstyle[39m=[32m"margin-top: 0px; margin-bottom: 20px;"[39m
        [36m>[39m
          [36m<div[39m
            [33mclass[39m=[32m"form-group full-width"[39m
          [36m>[39m
            [36m<label>[39m
              [0mPaciente *[0m
            [36m</label>[39m
            [36m<div[39m
              [33mstyle[39m=[32m"position: relative;"[39m
            [36m>[39m
              [36m<input[39m
                [33mautocomplete[39m=[32m"off"[39m
                [33mplaceholder[39m=[32m"Buscar paciente por nombre o c├⌐dula..."[39m
                [33mtype[39m=[32m"text"[39m
                [33mvalue[39m=[32m"Juan P├⌐rez"[39m
              [36m/>[39m
            [36m</div>[39m
          [36m</div>[39m
          [36m<div[39m
            [33mclass[39m=[32m"form-group"[39m
          [36m>[39m
            [36m<label[39m
              [33mfor[39m=[32m"select-medico"[39m
            [36m>[39m
              [0mM├⌐dico Tratante *[0m
            [36m</label>[39m
            [36m<select[39m
              [33mid[39m=[32m"select-medico"[39m
            [36m>[39m
              [36m<option[39m
                [33mvalue[39m=[32m""[39m
              [36m>[39m
                [0mSeleccione un m├⌐dico...[0m
              [36m</option>[39m
              [36m<option[39m
                [33mvalue[39m=[32m"1"[39m
              [36m>[39m
                [0mDr. House[0m
                [0m ([0m
                [0mMedicina General[0m
                [0m) - [0m
                [0m10[0m
                [0m% comisi├│n[0m
              [36m</option>[39m
            [36m</select>[39m
          [36m</div>[39m
          [36m<div[39m
            [33mclass[39m=[32m"form-group"[39m
          [36m>[39m
            [36m<label>[39m
              [0mTasa de Cambio (USD ΓåÆ VES) *[0m
            [36m</label>[39m
            [36m<input[39m
              [33mid[39m=[32m"exchange-rate-input"[39m
              [33minputmode[39m=[32m"decimal"[39m
              [33mplaceholder[39m=[32m"Ej: 144.50"[39m
              [33mtype[39m=[32m"text"[39m
              [33mvalue[39m=[32m"36"[39m
            [36m/>[39m
            [36m<span[39m
              [33mstyle[39m=[32m"font-size: 0.82rem; color: var(--text-secondary); margin-top: 4px; display: 
block;"[39m
            [36m>[39m
              [0m1 USD = [0m
              [0m36.00[0m
              [0m VES[0m
            [36m</span>[39m
          [36m</div>[39m
        [36m</div>[39m
        [36m<hr[39m
          [33mstyle[39m=[32m"margin: 20px 0px; border-color: var(--border-color);"[39m
        [36m/>[39m
        [36m<div[39m
          [33mclass[39m=[32m"form-group"[39m
        [36m>[39m
          [36m<label[39m
            [33mfor[39m=[32m"select-servicio"[39m
          [36m>[39m
            [0mAgregar Servicios[0m
          [36m</label>[39m
          [36m<div[39m
            [33mstyle[39m=[32m"display: flex; gap: 10px;"[39m
          [36m>[39m
            [36m<select[39m
              [33mclass[39m=[32m"form-input"[39m
              [33mid[39m=[32m"select-servicio"[39m
              [33mstyle[39m=[32m"flex: 2 1 0%;"[39m
            [36m>[39m
              [36m<option[39m
                [33mdisabled[39m=[32m""[39m
                [33mselected[39m=[32m""[39m
                [33mvalue[39m=[32m""[39m
              [36m>[39m
                [0mSeleccione un servicio...[0m
              [36m</option>[39m
              [36m<option[39m
                [33mvalue[39m=[32m"1"[39m
              [36m>[39m
                [0mConsulta General[0m
                [0m - $[0m
                [0m30.00[0m
                [0m ([0m
                [0mExento[0m
                [0m)[0m
              [36m</option>[39m
              [36m<option[39m
                [33mvalue[39m=[32m"2"[39m
              [36m>[39m
                [0mElectrocardiograma[0m
                [0m - $[0m
                [0m50.00[0m
                [0m ([0m
                [0mIVA 16%[0m
                [0m)[0m
              [36m</option>[39m
            [36m</select>[39m
          [36m</div>[39m
        [36m</div>[39m
        [36m<div[39m
          [33mclass[39m=[32m"table-wrapper glassmorphism"[39m
          [33mstyle[39m=[32m"margin-top: 15px;"[39m
        [36m>[39m
          [36m<table[39m
            [33mclass[39m=[32m"modern-table"[39m
          [36m>[39m
            [36m<thead>[39m
              [36m<tr>[39m
                [36m<th>[39m
                  [0mServicio[0m
                [36m</th>[39m
                [36m<th>[39m
                  [0mPrecio Unit.[0m
                [36m</th>[39m
                [36m<th>[39m
                  [0mCantidad[0m
                [36m</th>[39m
                [36m<th>[39m
                  [0mSubtotal[0m
                [36m</th>[39m
                [36m<th>[39m
                  [0mIVA[0m
                [36m</th>[39m
                [36m<th>[39m
                  [0mTotal[0m
                [36m</th>[39m
                [36m<th>[39m
                  [0mAcciones[0m
                [36m</th>[39m
              [36m</tr>[39m
            [36m</thead>[39m
            [36m<tbody>[39m
              [36m<tr>[39m
                [36m<td>[39m
                  [0mConsulta General[0m
                [36m</td>[39m
                [36m<td>[39m
                  [0m$[0m
                  [0m30.00[0m
                [36m</td>[39m
                [36m<td>[39m
                  [36m<div[39m
                    [33mstyle[39m=[32m"display: flex; align-items: center; gap: 8px;"[39m
                  [36m>[39m
                    [36m<button[39m
                      [33mclass[39m=[32m"btn-view"[39m
                      [33mstyle[39m=[32m"width: 28px; height: 28px;"[39m
                      [33mtype[39m=[32m"button"[39m
                    [36m>[39m
                      [0m-[0m
                    [36m</button>[39m
                    [36m<span[39m
                      [33mstyle[39m=[32m"font-weight: bold; width: 20px; text-align: center;"[39m
                    [36m>[39m
                      [0m1[0m
                    [36m</span>[39m
                    [36m<button[39m
                      [33mclass[39m=[32m"btn-view"[39m
                      [33mstyle[39m=[32m"width: 28px; height: 28px;"[39m
                      [33mtype[39m=[32m"button"[39m
                    [36m>[39m
                      [0m+[0m
                    [36m</button>[39m
                  [36m</div>[39m
                [36m</td>[39m
                [36m<td>[39m
                  [0m$[0m
                  [0m30.00[0m
                [36m</td>[39m
                [36m<td>[39m
                  [36m<span[39m
                    [33mclass[39m=[32m"status-badge active"[39m
                  [36m>[39m
                    [0mExento[0m
                  [36m</span>[39m
                [36m</td>[39m
                [36m<td>[39m
                  [0m$[0m
                  [0m30.00[0m
                [36m</td>[39m
                [36m<td>[39m
                  [36m<button[39m
                    [33mclass[39m=[32m"btn-delete"[39m
                    [33mtitle[39m=[32m"Eliminar"[39m
                    [33mtype[39m=[32m"button"[39m
                  [36m>[39m
                    [0m≡ƒùæ∩╕Å[0m
                  [36m</button>[39m
                [36m</td>[39m
              [36m</tr>[39m
            [36m</tbody>[39m
          [36m</table>[39m
        [36m</div>[39m
        [36m<div[39m
          [33mclass[39m=[32m"totals-panel glassmorphism"[39m
          [33mstyle[39m=[32m"margin-top: 20px; padding: 20px; border-radius: 12px; background: var(--bg-secondary); 
border: 1px solid var(--border-color);"[39m
        [36m>[39m
          [36m<div[39m
            [33mstyle[39m=[32m"display: grid; grid-template-columns: 1fr 1fr; gap: 30px;"[39m
          [36m>[39m
            [36m<div>[39m
              [36m<h4[39m
                [33mstyle[39m=[32m"margin-bottom: 15px;"[39m
              [36m>[39m
                [0mResumen en USD[0m
              [36m</h4>[39m
              [36m<div[39m
                [33mstyle[39m=[32m"display: flex; justify-content: space-between; margin-bottom: 8px;"[39m
              [36m>[39m
                [36m<span>[39m
                  [0mSubtotal:[0m
                [36m</span>[39m
                [36m<span>[39m
                  [0m$[0m
                  [0m30.00[0m
                [36m</span>[39m
              [36m</div>[39m
              [36m<div[39m
                [33mstyle[39m=[32m"display: flex; justify-content: space-between; margin-bottom: 8px;"[39m
              [36m>[39m
                [36m<span>[39m
                  [0mIVA (16%):[0m
                [36m</span>[39m
                [36m<span>[39m
                  [0m$[0m
                  [0m0.00[0m
                [36m</span>[39m
              [36m</div>[39m
              [36m<div[39m
                [33mstyle[39m=[32m"display: flex; justify-content: space-between; margin-bottom: 8px; font-weight: 
700; font-size: 1.1rem;"[39m
              [36m>[39m
                [36m<span>[39m
                  [0mTotal USD:[0m
                [36m</span>[39m
                [36m<span[39m
                  [33mclass[39m=[32m"text-cyan"[39m
                [36m>[39m
                  [0m$[0m
                  [0m0.00[0m
                [36m</span>[39m
              [36m</div>[39m
            [36m</div>[39m
            [36m<div>[39m
              [36m<h4[39m
                [33mstyle[39m=[32m"margin-bottom: 15px;"[39m
              [36m>[39m
                [0mTotal en VES[0m
              [36m</h4>[39m
              [36m<div[39m
                [33mstyle[39m=[32m"display: flex; justify-content: space-between; font-weight: 700; font-size: 
1.3rem;"[39m
              [36m>[39m
                [36m<span>[39m
                  [0mTotal:[0m
                [36m</span>[39m
                [36m<span[39m
                  [33mclass[39m=[32m"text-cyan"[39m
                [36m>[39m
                  [0mBs. [0m
                  [0m0.00[0m
                [36m</span>[39m
              [36m</div>[39m
              [36m<div[39m
                [33mstyle[39m=[32m"font-size: 0.85rem; color: var(--text-secondary); margin-top: 5px;"[39m
              [36m>[39m
                [0mTasa: [0m
                [0m36[0m
                [0m VES/USD[0m
              [36m</div>[39m
            [36m</div>[39m
          [36m</div>[39m
          [36m<div[39m
            [33mstyle[39m=[32m"margin-top: 20px; padding-top: 20px; border-top: 1px dashed 
var(--border-color);"[39m
          [36m>[39m
            [36m<h4[39m
              [33mstyle[39m=[32m"margin-bottom: 15px;"[39m
            [36m>[39m
              [0mInformaci├│n de Pago[0m
            [36m</h4>[39m
[2m Test Files [22m [1m[31m1 failed[39m[22m[2m | [22m[1m[32m17 passed[39m[22m[90m (18)[39m
[2m      Tests [22m [1m[31m1 failed[39m[22m[2m | [22m[1m[32m100 passed[39m[22m[90m (101)[39m
[2m   Start at [22m 17:22:09
[2m   Duration [22m 22.60s[2m (transform 1.75s, setup 7.75s, collect 4.90s, tests 9.08s, environment 49.54s, prepare 6.79s)[22m


[1m[7m[31m FAIL [39m[27m[22m[31m Tests failed. Watching for file changes...[39m
       [2mpress [22m[1mh[22m[2m to show help[22m[2m, [22m[2mpress [22m[1mq[22m[2m to quit[22m
            [36m<div[39m
              [33mclass[39m=[32m"patient-form-grid"[39m
              [33mstyle[39m=[32m"margin-top: 0px;"[39m
            [36m>[39m
              [36m<div[39m
                [33mclass[39m=[32m"form-group"[39m
              [36m>[39m
                [36m<label[39m
                  [33mfor[39m=[32m"metodo-pago-select"[39m
                [36m>[39m
                  [0mM├⌐todo de Pago *[0m
                [36m</label>[39m
                [36m<select[39m
                  [33mid[39m=[32m"metodo-pago-select"[39m
                [36m>[39m
                  [36m<option[39m
                    [33mvalue[39m=[32m"EFECTIVO_USD"[39m
                  [36m>[39m
                    [0m≡ƒÆ╡ Efectivo USD[0m
                  [36m</option>[39m
                  [36m<option[39m
                    [33mvalue[39m=[32m"TRANSFERENCIA"[39m
                  [36m>[39m
                    [0m≡ƒÅª Transferencia Bancaria[0m
                  [36m</option>[39m
                  [36m<option[39m
                    [33mvalue[39m=[32m"PAGO_MOVIL"[39m
                  [36m>[39m
                    [0m≡ƒô▒ Pago M├│vil[0m
                  [36m</option>[39m
                [36m</select>[39m
              [36m</div>[39m
              [36m<div[39m
                [33mclass[39m=[32m"form-group"[39m
              [36m>[39m
                [36m<label>[39m
                  [0m├Ültimos 4 D├¡gitos de Referencia *[0m
                [36m</label>[39m
                [36m<input[39m
                  [33mplaceholder[39m=[32m"Ej: 1234"[39m
                  [33mtype[39m=[32m"text"[39m
                  [33mvalue[39m=[32m"12"[39m
                [36m/>[39m
              [36m</div>[39m
            [36m</div>[39m
          [36m</div>[39m
        [36m</div>[39m
        [36m<div[39m
          [33mclass[39m=[32m"form-actions"[39m
          [33mstyle[39m=[32m"margin-top: 20px; display: flex; gap: 10px; justify-content: flex-end;"[39m
        [36m>[39m
          [36m<button[39m
            [33mclass[39m=[32m"btn-primary"[39m
          [36m>[39m
            [0m≡ƒÆ╛ Procesar Factura[0m
          [36m</button>[39m
        [36m</div>[39m
        [36m<div[39m
          [33mclass[39m=[32m"modal-overlay animate-fade"[39m
        [36m>[39m
          [36m<div[39m
            [33mclass[39m=[32m"confirm-modal glassmorphism animate-in"[39m
          [36m>[39m
            [36m<div[39m
              [33mclass[39m=[32m"modal-header"[39m
            [36m>[39m
              [36m<div[39m
                [33mclass[39m=[32m"modal-icon danger"[39m
              [36m>[39m
                [0mΓÜá∩╕Å[0m
              [36m</div>[39m
              [36m<h3>[39m
                [0mCampo Requerido[0m
              [36m</h3>[39m
            [36m</div>[39m
            [36m<div[39m
              [33mclass[39m=[32m"modal-body"[39m
            [36m>[39m
              [36m<p>[39m
                [0mDebe ingresar los ├║ltimos 4 d├¡gitos de la referencia[0m
              [36m</p>[39m
            [36m</div>[39m
            [36m<div[39m
              [33mclass[39m=[32m"modal-footer"[39m
            [36m>[39m
              [36m<button[39m
                [33mclass[39m=[32m"btn-primary btn-danger-gradient"[39m
                [33mstyle[39m=[32m"width: 100%;"[39m
              [36m>[39m
                [0mEntendido[0m
              [36m</button>[39m
            [36m</div>[39m
          [36m</div>[39m
        [36m</div>[39m
      [36m</div>[39m
    [36m</div>[39m
  [36m</body>[39m
[36m</html>[39m
[90m [2mΓ¥»[22m Proxy.waitForWrapper node_modules/@testing-library/dom/dist/wait-for.js:[2m163:27[22m[39m
[36m [2mΓ¥»[22m src/components/Billing/InvoiceForm.test.jsx:[2m144:11[22m[39m
    [90m142| [39m    })[33m;[39m
    [90m143| [39m
    [90m144| [39m    [35mawait[39m [34mwaitFor[39m(() [33m=>[39m {
    [90m   | [39m          [31m^[39m
    [90m145| [39m      [34mexpect[39m(screen[33m.[39m[34mgetByText[39m([36m/referencia/i[39m))[33m.[39m[34
mtoBeDefined[39m()[33m;[39m
    [90m146| [39m    })[33m;[39m

[31m[2mΓÄ»ΓÄ»ΓÄ»ΓÄ»ΓÄ»ΓÄ»ΓÄ»ΓÄ»ΓÄ»ΓÄ»ΓÄ»ΓÄ»ΓÄ»ΓÄ»ΓÄ»ΓÄ»ΓÄ»ΓÄ»ΓÄ»ΓÄ»ΓÄ»ΓÄ»ΓÄ»ΓÄ»[1/1]ΓÄ»[22m[39m

[3Jc
[7m[1m[34m RERUN [39m[22m[27m[2m src/components/Billing/InvoiceForm.test.jsx[22m [34mx1[39m

 [33mΓ¥»[39m src/components/Billing/InvoiceForm.test.jsx [2m ([22m[2m6 tests[22m [2m|[22m [31m1 failed[39m[2m)[22m[33m 2641[2mms[22m[39m
[31m   [33mΓ¥»[31m src/components/Billing/InvoiceForm.test.jsx[2m > [22mInvoiceForm[2m > [22mdebe validar que los d├¡gitos sean 4 en pagos electr├│nicos[39m
[31m     ΓåÆ Found multiple elements with the text: /referencia/i

Here are the matching elements:

Ignored nodes: comments, script, style
[36m<label>[31m
  [0m├Ültimos 4 D├¡gitos de Referencia *[0m
[36m</label>[31m

Ignored nodes: comments, script, style
[36m<p>[31m
  [0mDebe ingresar los ├║ltimos 4 d├¡gitos de la referencia[0m
[36m</p>[31m

(If this is intentional, then use the `*AllBy*` variant of the query (like `queryAllByText`, `getAllByText`, or `findAllByText`)).

Ignored nodes: comments, script, style
[36m<body>[31m
  [36m<div>[31m
    [36m<div[31m
      [33mclass[31m=[32m"patient-list animate-in"[31m
    [36m>[31m
      [36m<div[31m
        [33mclass[31m=[32m"patient-form-grid"[31m
        [33mstyle[31m=[32m"margin-top: 0px; margin-bottom: 20px;"[31m
      [36m>[31m
        [36m<div[31m
          [33mclass[31m=[32m"form-group full-width"[31m
        [36m>[31m
          [36m<label>[31m
            [0mPaciente *[0m
          [36m</label>[31m
          [36m<div[31m
            [33mstyle[31m=[32m"position: relative;"[31m
          [36m>[31m
            [36m<input[31m
              [33mautocomplete[31m=[32m"off"[31m
              [33mplaceholder[31m=[32m"Buscar paciente por nombre o c├⌐dula..."[31m
              [33mtype[31m=[32m"text"[31m
              [33mvalue[31m=[32m"Juan P├⌐rez"[31m
            [36m/>[31m
          [36m</div>[31m
        [36m</div>[31m
        [36m<div[31m
          [33mclass[31m=[32m"form-group"[31m
        [36m>[31m
          [36m<label[31m
            [33mfor[31m=[32m"select-medico"[31m
          [36m>[31m
            [0mM├⌐dico Tratante *[0m
          [36m</label>[31m
          [36m<select[31m
            [33mid[31m=[32m"select-medico"[31m
          [36m>[31m
            [36m<option[31m
              [33mvalue[31m=[32m""[31m
            [36m>[31m
              [0mSeleccione un m├⌐dico...[0m
            [36m</option>[31m
            [36m<option[31m
              [33mvalue[31m=[32m"1"[31m
            [36m>[31m
              [0mDr. House[0m
              [0m ([0m
              [0mMedicina General[0m
              [0m) - [0m
              [0m10[0m
              [0m% comisi├│n[0m
            [36m</option>[31m
          [36m</select>[31m
        [36m</div>[31m
        [36m<div[31m
          [33mclass[31m=[32m"form-group"[31m
        [36m>[31m
          [36m<label>[31m
            [0mTasa de Cambio (USD ΓåÆ VES) *[0m
          [36m</label>[31m
          [36m<input[31m
            [33mid[31m=[32m"exchange-rate-input"[31m
            [33minputmode[31m=[32m"decimal"[31m
            [33mplaceholder[31m=[32m"Ej: 144.50"[31m
            [33mtype[31m=[32m"text"[31m
            [33mvalue[31m=[32m"36"[31m
          [36m/>[31m
          [36m<span[31m
            [33mstyle[31m=[32m"font-size: 0.82rem; color: var(--text-secondary); margin-top: 4px; display: block;"[31m
          [36m>[31m
            [0m1 USD = [0m
            [0m36.00[0m
            [0m VES[0m
          [36m</span>[31m
        [36m</div>[31m
      [36m</div>[31m
      [36m<hr[31m
        [33mstyle[31m=[32m"margin: 20px 0px; border-color: var(--border-color);"[31m
      [36m/>[31m
      [36m<div[31m
        [33mclass[31m=[32m"form-group"[31m
      [36m>[31m
        [36m<label[31m
          [33mfor[31m=[32m"select-servicio"[31m
        [36m>[31m
          [0mAgregar Servicios[0m
        [36m</label>[31m
        [36m<div[31m
          [33mstyle[31m=[32m"display: flex; gap: 10px;"[31m
        [36m>[31m
          [36m<select[31m
            [33mclass[31m=[32m"form-input"[31m
            [33mid[31m=[32m"select-servicio"[31m
            [33mstyle[31m=[32m"flex: 2 1 0%;"[31m
          [36m>[31m
            [36m<option[31m
              [33mdisabled[31m=[32m""[31m
              [33mselected[31m=[32m""[31m
              [33mvalue[31m=[32m""[31m
            [36m>[31m
              [0mSeleccione un servicio...[0m
            [36m</option>[31m
            [36m<option[31m
              [33mvalue[31m=[32m"1"[31m
            [36m>[31m
              [0mConsulta General[0m
              [0m - $[0m
              [0m30.00[0m
              [0m ([0m
              [0mExento[0m
              [0m)[0m
            [36m</option>[31m
            [36m<option[31m
              [33mvalue[31m=[32m"2"[31m
            [36m>[31m
              [0mElectrocardiograma[0m
              [0m - $[0m
              [0m50.00[0m
              [0m ([0m
              [0mIVA 16%[0m
              [0m)[0m
            [36m</option>[31m
          [36m</select>[31m
        [36m</div>[31m
      [36m</div>[31m
      [36m<div[31m
        [33mclass[31m=[32m"table-wrapper glassmorphism"[31m
        [33mstyle[31m=[32m"margin-top: 15px;"[31m
      [36m>[31m
        [36m<table[31m
          [33mclass[31m=[32m"modern-table"[31m
        [36m>[31m
          [36m<thead>[31m
            [36m<tr>[31m
              [36m<th>[31m
                [0mServicio[0m
              [36m</th>[31m
              [36m<th>[31m
                [0mPrecio Unit.[0m
              [36m</th>[31m
              [36m<th>[31m
                [0mCantidad[0m
              [36m</th>[31m
              [36m<th>[31m
                [0mSubtotal[0m
              [36m</th>[31m
              [36m<th>[31m
                [0mIVA[0m
              [36m</th>[31m
              [36m<th>[31m
                [0mTotal[0m
              [36m</th>[31m
              [36m<th>[31m
                [0mAcciones[0m
              [36m</th>[31m
            [36m</tr>[31m
          [36m</thead>[31m
          [36m<tbody>[31m
            [36m<tr>[31m
              [36m<td>[31m
                [0mConsulta General[0m
              [36m</td>[31m
              [36m<td>[31m
                [0m$[0m
                [0m30.00[0m
              [36m</td>[31m
              [36m<td>[31m
                [36m<div[31m
                  [33mstyle[31m=[32m"display: flex; align-items: center; gap: 8px;"[31m
                [36m>[31m
                  [36m<button[31m
                    [33mclass[31m=[32m"btn-view"[31m
                    [33mstyle[31m=[32m"width: 28px; height: 28px;"[31m
                    [33mtype[31m=[32m"button"[31m
                  [36m>[31m
                    [0m-[0m
                  [36m</button>[31m
                  [36m<span[31m
                    [33mstyle[31m=[32m"font-weight: bold; width: 20px; text-align: center;"[31m
                  [36m>[31m
                    [0m1[0m
                  [36m</span>[31m
                  [36m<button[31m
                    [33mclass[31m=[32m"btn-view"[31m
                    [33mstyle[31m=[32m"width: 28px; height: 28px;"[31m
                    [33mtype[31m=[32m"button"[31m
                  [36m>[31m
                    [0m+[0m
                  [36m</button>[31m
                [36m</div>[31m
              [36m</td>[31m
              [36m<td>[31m
                [0m$[0m
                [0m30.00[0m
              [36m</td>[31m
              [36m<td>[31m
                [36m<span[31m
                  [33mclass[31m=[32m"status-badge active"[31m
                [36m>[31m
                  [0mExento[0m
                [36m</span>[31m
              [36m</td>[31m
              [36m<td>[31m
                [0m$[0m
                [0m30.00[0m
              [36m</td>[31m
              [36m<td>[31m
                [36m<button[31m
                  [33mclass[31m=[32m"btn-delete"[31m
                  [33mtitle[31m=[32m"Eliminar"[31m
                  [33mtype[31m=[32m"button"[31m
                [36m>[31m
                  [0m≡ƒùæ∩╕Å[0m
                [36m</button>[31m
              [36m</td>[31m
            [36m</tr>[31m
          [36m</tbody>[31m
        [36m</table>[31m
      [36m</div>[31m
      [36m<div[31m
        [33mclass[31m=[32m"totals-panel glassmorphism"[31m
        [33mstyle[31m=[32m"margin-top: 20px; padding: 20px; border-radius: 12px; background: var(--bg-secondary); border: 1px solid var(--border-color);"[31m
      [36m>[31m
        [36m<div[31m
          [33mstyle[31m=[32m"display: grid; grid-template-columns: 1fr 1fr; gap: 30px;"[31m
        [36m>[31m
          [36m<div>[31m
            [36m<h4[31m
              [33mstyle[31m=[32m"margin-bottom: 15px;"[31m
            [36m>[31m
              [0mResumen en USD[0m
            [36m</h4>[31m
            [36m<div[31m
              [33mstyle[31m=[32m"display: flex; justify-content: space-between; margin-bottom: 8px;"[31m
            [36m>[31m
              [36m<span>[31m
                [0mSubtotal:[0m
              [36m</span>[31m
              [36m<span>[31m
                [0m$[0m
                [0m30.00[0m
              [36m</span>[31m
            [36m</div>[31m
            [36m<div[31m
              [33mstyle[31m=[32m"display: flex; justify-content: space-between; margin-bottom: 8px;"[31m
            [36m>[31m
              [36m<span>[31m
                [0mIVA (16%):[0m
              [36m</span>[31m
              [36m<span>[31m
                [0m$[0m
                [0m0.00[0m
              [36m</span>[31m
            [36m</div>[31m
            [36m<div[31m
              [33mstyle[31m=[32m"display: flex; justify-content: space-between; margin-bottom: 8px; font-weight: 700; font-size: 1.1rem;"[31m
            [36m>[31m
              [36m<span>[31m
                [0mTotal USD:[0m
              [36m</span>[31m
              [36m<span[31m
                [33mclass[31m=[32m"text-cyan"[31m
              [36m>[31m
                [0m$[0m
                [0m0.00[0m
              [36m</span>[31m
            [36m</div>[31m
          [36m</div>[31m
          [36m<div>[31m
            [36m<h4[31m
              [33mstyle[31m=[32m"margin-bottom: 15px;"[31m
            [36m>[31m
              [0mTotal en VES[0m
            [36m</h4>[31m
            [36m<div[31m
              [33mstyle[31m=[32m"display: flex; justify-content: space-between; font-weight: 700; font-size: 1.3rem;"[31m
            [36m>[31m
              [36m<span>[31m
                [0mTotal:[0m
              [36m</span>[31m
              [36m<span[31m
                [33mclass[31m=[32m"text-cyan"[31m
              [36m>[31m
                [0mBs. [0m
                [0m0.00[0m
              [36m</span>[31m
            [36m</div>[31m
            [36m<div[31m
              [33mstyle[31m=[32m"font-size: 0.85rem; color: var(--text-secondary); margin-top: 5px;"[31m
            [36m>[31m
              [0mTasa: [0m
              [0m36[0m
              [0m VES/USD[0m
            [36m</div>[31m
          [36m</div>[31m
        [36m</div>[31m
        [36m<div[31m
          [33mstyle[31m=[32m"margin-top: 20px; padding-top: 20px; border-top: 1px dashed var(--border-color);"[31m
        [36m>[31m
          [36m<h4[31m
            [33mstyle[31m=[32m"margin-bottom: 15px;"[31m
          [36m>[31m
            [0mInformaci├│n de Pago[0m
          [36m</h4>[31m
          [36m<div[31m
            [33mclass[31m=[32m"patient-form-grid"[31m
            [33mstyle[31m=[32m"margin-top: 0px;"[31m
          [36m>[31m
            [36m<div[31m
              [33mclass[31m=[32m"form-group"[31m
            [36m>[31m
              [36m<label[31m
                [33mfor[31m=[32m"metodo-pago-select"[31m
              [36m>[31m
                [0mM├⌐todo de Pago *[0m
              [36m</label>[31m
              [36m<select[31m
                [33mid[31m=[32m"metodo-pago-select"[31m
              [36m>[31m
                [36m<option[31m
                  [33mvalue[31m=[32m"EFECTIVO_USD"[31m
                [36m>[31m
                  [0m≡ƒÆ╡ Efectivo USD[0m
                [36m</option>[31m
                [36m<option[31m
                  [33mvalue[31m=[32m"TRANSFERENCIA"[31m
                [36m>[31m
                  [0m≡ƒÅª Transferencia Bancaria[0m
                [36m</option>[31m
                [36m<option[31m
                  [33mvalue[31m=[32m"PAGO_MOVIL"[31m
                [36m>[31m
                  [0m≡ƒô▒ Pago M├│vil[0m
                [36m</option>[31m
              [36m</select>[31m
            [36m</div>[31m
            [36m<div[31m
              [33mclass[31m=[32m"form-group"[31m
            [36m>[31m
              [36m<label>[31m
                [0m├Ültimos 4 D├¡gitos de Referencia *[0m
              [36m</label>[31m
              [36m<input[31m
                [33mplaceholder[31m=[32m"Ej: 1234"[31m
                [33mtype[31m=[32m"text"[31m
                [33mvalue[31m=[32m"12"[31m
              [36m/>[31m
            [36m</div>[31m
          [36m</div>[31m
        [36m</div>[31m
      [36m</div>[31m
      [36m<div[31m
        [33mclass[31m=[32m"form-actions"[31m
        [33mstyle[31m=[32m"margin-top: 20px; display: flex; gap: 10px; justify-content: flex-end;"[31m
      [36m>[31m
        [36m<button[31m
          [33mclass[31m=[32m"btn-primary"[31m
        [36m>[31m
          [0m≡ƒÆ╛ Procesar Factura[0m
        [36m</button>[31m
      [36m</div>[31m
      [36m<div[31m
        [33mclass[31m=[32m"modal-overlay animate-fade"[31m
      [36m>[31m
        [36m<div[31m
          [33mclass[31m=[32m"confirm-modal glassmorphism animate-in"[31m
        [36m>[31m
          [36m<div[31m
            [33mclass[31m=[32m"modal-header"[31m
          [36m>[31m
            [36m<div[31m
              [33mclass[31m=[32m"modal-icon danger"[31m
            [36m>[31m
              [0mΓÜá∩╕Å[0m
            [36m</div>[31m
            [36m<h3>[31m
              [0mCampo Requerido[0m
            [36m</h3>[31m
          [36m</div>[31m
          [36m<div[31m
            [33mclass[31m=[32m"modal-body"[31m
          [36m>[31m
            [36m<p>[31m
              [0mDebe ingresar los ├║ltimos 4 d├¡gitos de la referencia[0m
            [36m</p>[31m
          [36m</div>[31m
          [36m<div[31m
            [33mclass[31m=[32m"modal-footer"[31m
          [36m>[31m
            [36m<button[31m
              [33mclass[31m=[32m"btn-primary btn-danger-gradient"[31m
              [33mstyle[31m=[32m"width: 100%;"[31m
            [36m>[31m
              [0mEntendido[0m
            [36m</button>[31m
          [36m</div>[31m
        [36m</div>[31m
      [36m</div>[31m
    [36m</div>[31m
  [36m</div>[31m
[36m</body>[31m

Ignored nodes: comments, script, style
[36m<html>[31m
  [36m<head />[31m
  [36m<body>[31m
    [36m<div>[31m
      [36m<div[31m
        [33mclass[31m=[32m"patient-list animate-in"[31m
      [36m>[31m
        [36m<div[31m
          [33mclass[31m=[32m"patient-form-grid"[31m
          [33mstyle[31m=[32m"margin-top: 0px; margin-bottom: 20px;"[31m
        [36m>[31m
          [36m<div[31m
            [33mclass[31m=[32m"form-group full-width"[31m
          [36m>[31m
            [36m<label>[31m
              [0mPaciente *[0m
            [36m</label>[31m
            [36m<div[31m
              [33mstyle[31m=[32m"position: relative;"[31m
            [36m>[31m
              [36m<input[31m
                [33mautocomplete[31m=[32m"off"[31m
                [33mplaceholder[31m=[32m"Buscar paciente por nombre o c├⌐dula..."[31m
                [33mtype[31m=[32m"text"[31m
                [33mvalue[31m=[32m"Juan P├⌐rez"[31m
              [36m/>[31m
            [36m</div>[31m
          [36m</div>[31m
          [36m<div[31m
            [33mclass[31m=[32m"form-group"[31m
          [36m>[31m
            [36m<label[31m
              [33mfor[31m=[32m"select-medico"[31m
            [36m>[31m
              [0mM├⌐dico Tratante *[0m
            [36m</label>[31m
            [36m<select[31m
              [33mid[31m=[32m"select-medico"[31m
            [36m>[31m
              [36m<option[31m
                [33mvalue[31m=[32m""[31m
              [36m>[31m
                [0mSeleccione un m├⌐dico...[0m
              [36m</option>[31m
              [36m<option[31m
                [33mvalue[31m=[32m"1"[31m
              [36m>[31m
                [0mDr. House[0m
                [0m ([0m
                [0mMedicina General[0m
                [0m) - [0m
                [0m10[0m
                [0m% comisi├│n[0m
              [36m</option>[31m
            [36m</select>[31m
          [36m</div>[31m
          [36m<div[31m
            [33mclass[31m=[32m"form-group"[31m
          [36m>[31m
            [36m<label>[31m
              [0mTasa de Cambio (USD ΓåÆ VES) *[0m
            [36m</label>[31m
            [36m<input[31m
              [33mid[31m=[32m"exchange-rate-input"[31m
              [33minputmode[31m=[32m"decimal"[31m
              [33mplaceholder[31m=[32m"Ej: 144.50"[31m
              [33mtype[31m=[32m"text"[31m
              [33mvalue[31m=[32m"36"[31m
            [36m/>[31m
            [36m<span[31m
              [33mstyle[31m=[32m"font-size: 0.82rem; color: var(--text-secondary); margin-top: 4px; display: block;"[31m
            [36m>[31m
              [0m1 USD = [0m
              [0m36.00[0m
              [0m VES[0m
            [36m</span>[31m
          [36m</div>[31m
        [36m</div>[31m
        [36m<hr[31m
          [33mstyle[31m=[32m"margin: 20px 0px; border-color: var(--border-color);"[31m
        [36m/>[31m
        [36m<div[31m
          [33mclass[31m=[32m"form-group"[31m
        [36m>[31m
          [36m<label[31m
            [33mfor[31m=[32m"select-servicio"[31m
          [36m>[31m
            [0mAgregar Servicios[0m
          [36m</label>[31m
          [36m<div[31m
            [33mstyle[31m=[32m"display: flex; gap: 10px;"[31m
          [36m>[31m
            [36m<select[31m
              [33mclass[31m=[32m"form-input"[31m
              [33mid[31m=[32m"select-servicio"[31m
              [33mstyle[31m=[32m"flex: 2 1 0%;"[31m
            [36m>[31m
              [36m<option[31m
                [33mdisabled[31m=[32m""[31m
                [33mselected[31m=[32m""[31m
                [33mvalue[31m=[32m""[31m
              [36m>[31m
                [0mSeleccione un servicio...[0m
              [36m</option>[31m
              [36m<option[31m
                [33mvalue[31m=[32m"1"[31m
              [36m>[31m
                [0mConsulta General[0m
                [0m - $[0m
                [0m30.00[0m
                [0m ([0m
                [0mExento[0m
                [0m)[0m
              [36m</option>[31m
              [36m<option[31m
                [33mvalue[31m=[32m"2"[31m
              [36m>[31m
                [0mElectrocardiograma[0m
                [0m - $[0m
                [0m50.00[0m
                [0m ([0m
                [0mIVA 16%[0m
                [0m)[0m
              [36m</option>[31m
            [36m</select>[31m
          [36m</div>[31m
        [36m</div>[31m
        [36m<div[31m
          [33mclass[31m=[32m"table-wrapper glassmorphism"[31m
          [33mstyle[31m=[32m"margin-top: 15px;"[31m
        [36m>[31m
          [36m<table[31m
            [33mclass[31m=[32m"modern-table"[31m
          [36m>[31m
            [36m<thead>[31m
              [36m<tr>[31m
                [36m<th>[31m
                  [0mServicio[0m
                [36m</th>[31m
                [36m<th>[31m
                  [0mPrecio Unit.[0m
                [36m</th>[31m
                [36m<th>[31m
                  [0mCantidad[0m
                [36m</th>[31m
                [36m<th>[31m
                  [0mSubtotal[0m
                [36m</th>[31m
                [36m<th>[31m
                  [0mIVA[0m
                [36m</th>[31m
                [36m<th>[31m
                  [0mTotal[0m
                [36m</th>[31m
                [36m<th>[31m
                  [0mAcciones[0m
                [36m</th>[31m
              [36m</tr>[31m
            [36m</thead>[31m
            [36m<tbody>[31m
              [36m<tr>[31m
                [36m<td>[31m
                  [0mConsulta General[0m
                [36m</td>[31m
                [36m<td>[31m
                  [0m$[0m
                  [0m30.00[0m
                [36m</td>[31m
                [36m<td>[31m
                  [36m<div[31m
                    [33mstyle[31m=[32m"display: flex; align-items: center; gap: 8px;"[31m
                  [36m>[31m
                    [36m<button[31m
                      [33mclass[31m=[32m"btn-view"[31m
                      [33mstyle[31m=[32m"width: 28px; height: 28px;"[31m
                      [33mtype[31m=[32m"button"[31m
                    [36m>[31m
                      [0m-[0m
                    [36m</button>[31m
                    [36m<span[31m
                      [33mstyle[31m=[32m"font-weight: bold; width: 20px; text-align: center;"[31m
                    [36m>[31m
                      [0m1[0m
                    [36m</span>[31m
                    [36m<button[31m
                      [33mclass[31m=[32m"btn-view"[31m
                      [33mstyle[31m=[32m"width: 28px; height: 28px;"[31m
                      [33mtype[31m=[32m"button"[31m
                    [36m>[31m
                      [0m+[0m
                    [36m</button>[31m
                  [36m</div>[31m
                [36m</td>[31m
                [36m<td>[31m
                  [0m$[0m
                  [0m30.00[0m
                [36m</td>[31m
                [36m<td>[31m
                  [36m<span[31m
                    [33mclass[31m=[32m"status-badge active"[31m
                  [36m>[31m
                    [0mExento[0m
                  [36m</span>[31m
                [36m</td>[31m
                [36m<td>[31m
                  [0m$[0m
                  [0m30.00[0m
                [36m</td>[31m
                [36m<td>[31m
                  [36m<button[31m
                    [33mclass[31m=[32m"btn-delete"[31m
                    [33mtitle[31m=[32m"Eliminar"[31m
                    [33mtype[31m=[32m"button"[31m
                  [36m>[31m
                    [0m≡ƒùæ∩╕Å[0m
                  [36m</button>[31m
                [36m</td>[31m
              [36m</tr>[31m
            [36m</tbody>[31m
          [36m</table>[31m
        [36m</div>[31m
        [36m<div[31m
          [33mclass[31m=[32m"totals-panel glassmorphism"[31m
          [33mstyle[31m=[32m"margin-top: 20px; padding: 20px; border-radius: 12px; background: var(--bg-secondary); border: 1px solid var(--border-color);"[31m
        [36m>[31m
          [36m<div[31m
            [33mstyle[31m=[32m"display: grid; grid-template-columns: 1fr 1fr; gap: 30px;"[31m
          [36m>[31m
            [36m<div>[31m
              [36m<h4[31m
                [33mstyle[31m=[32m"margin-bottom: 15px;"[31m
              [36m>[31m
                [0mResumen en USD[0m
              [36m</h4>[31m
              [36m<div[31m
                [33mstyle[31m=[32m"display: flex; justify-content: space-between; margin-bottom: 8px;"[31m
              [36m>[31m
                [36m<span>[31m
                  [0mSubtotal:[0m
                [36m</span>[31m
                [36m<span>[31m
                  [0m$[0m
                  [0m30.00[0m
                [36m</span>[31m
              [36m</div>[31m
              [36m<div[31m
                [33mstyle[31m=[32m"display: flex; justify-content: space-between; margin-bottom: 8px;"[31m
              [36m>[31m
                [36m<span>[31m
                  [0mIVA (16%):[0m
                [36m</span>[31m
                [36m<span>[31m
                  [0m$[0m
                  [0m0.00[0m
                [36m</span>[31m
              [36m</div>[31m
              [36m<div[31m
                [33mstyle[31m=[32m"display: flex; justify-content: space-between; margin-bottom: 8px; font-weight: 700; font-size: 1.1rem;"[31m
              [36m>[31m
                [36m<span>[31m
                  [0mTotal USD:[0m
                [36m</span>[31m
                [36m<span[31m
                  [33mclass[31m=[32m"text-cyan"[31m
                [36m>[31m
                  [0m$[0m
                  [0m0.00[0m
                [36m</span>[31m
              [36m</div>[31m
            [36m</div>[31m
            [36m<div>[31m
              [36m<h4[31m
                [33mstyle[31m=[32m"margin-bottom: 15px;"[31m
              [36m>[31m
                [0mTotal en VES[0m
              [36m</h4>[31m
              [36m<div[31m
                [33mstyle[31m=[32m"display: flex; justify-content: space-between; font-weight: 700; font-size: 1.3rem;"[31m
              [36m>[31m
                [36m<span>[31m
                  [0mTotal:[0m
                [36m</span>[31m
                [36m<span[31m
                  [33mclass[31m=[32m"text-cyan"[31m
                [36m>[31m
                  [0mBs. [0m
                  [0m0.00[0m
                [36m</span>[31m
              [36m</div>[31m
              [36m<div[31m
                [33mstyle[31m=[32m"font-size: 0.85rem; color: var(--text-secondary); margin-top: 5px;"[31m
              [36m>[31m
                [0mTasa: [0m
                [0m36[0m
                [0m VES/USD[0m
              [36m</div>[31m
            [36m</div>[31m
          [36m</div>[31m
          [36m<div[31m
            [33mstyle[31m=[32m"margin-top: 20px; padding-top: 20px; border-top: 1px dashed var(--border-color);"[31m
          [36m>[31m
            [36m<h4[31m
              [33mstyle[31m=[32m"margin-bottom: 15px;"[31m
            [36m>[31m
              [0mInformaci├│n de Pago[0m
            [36m</h4>[31m
            [36m<div[31m
              [33mclass[31m=[32m"patient-form-grid"[31m
              [33mstyle[31m=[32m"margin-top: 0px;"[31m
            [36m>[31m
              [36m<div[31m
                [33mclass[31m=[32m"form-group"[31m
              [36m>[31m
                [36m<label[31m
                  [33mfor[31m=[32m"metodo-pago-select"[31m
                [36m>[31m
                  [0mM├⌐todo de Pago *[0m
                [36m</label>[31m
                [36m<select[31m
                  [33mid[31m=[32m"metodo-pago-select"[31m
                [36m>[31m
                  [36m<option[31m
                    [33mvalue[31m=[32m"EFECTIVO_USD"[31m
                  [36m>[31m
                    [0m≡ƒÆ╡ Efectivo USD[0m
                  [36m</option>[31m
                  [36m<option[31m
                    [33mvalue[31m=[32m"TRANSFERENCIA"[31m
                  [36m>[31m
                    [0m≡ƒÅª Transferencia Bancaria[0m
                  [36m</option>[31m
                  [36m<option[31m
                    [33mvalue[31m=[32m"PAGO_MOVIL"[31m
                  [36m>[31m
                    [0m≡ƒô▒ Pago M├│vil[0m
                  [36m</option>[31m
                [36m</select>[31m
              [36m</div>[31m
              [36m<div[31m
                [33mclass[31m=[32m"form-group"[31m
              [36m>[31m
                [36m<label>[31m
                  [0m├Ültimos 4 D├¡gitos de Referencia *[0m
                [36m</label>[31m
                [36m<input[31m
                  [33mplaceholder[31m=[32m"Ej: 1234"[31m
                  [33mtype[31m=[32m"text"[31m
                  [33mvalue[31m=[32m"12"[31m
                [36m/>[31m
              [36m</div>[31m
            [36m</div>[31m
          [36m</div>[31m
        [36m</div>[31m
        [36m<div[31m
          [33mclass[31m=[32m"form-actions"[31m
          [33mstyle[31m=[32m"margin-top: 20px; display: flex; gap: 10px; justify-content: flex-end;"[31m
        [36m>[31m
          [36m<button[31m
            [33mclass[31m=[32m"btn-primary"[31m
          [36m>[31m
            [0m≡ƒÆ╛ Procesar Factura[0m
          [36m</button>[31m
        [36m</div>[31m
        [36m<div[31m
          [33mclass[31m=[32m"modal-overlay animate-fade"[31m
        [36m>[31m
          [36m<div[31m
            [33mclass[31m=[32m"confirm-modal glassmorphism animate-in"[31m
          [36m>[31m
            [36m<div[31m
              [33mclass[31m=[32m"modal-header"[31m
            [36m>[31m
              [36m<div[31m
                [33mclass[31m=[32m"modal-icon danger"[31m
              [36m>[31m
                [0mΓÜá∩╕Å[0m
              [36m</div>[31m
              [36m<h3>[31m
                [0mCampo Requerido[0m
              [36m</h3>[31m
            [36m</div>[31m
            [36m<div[31m
              [33mclass[31m=[32m"modal-body"[31m
            [36m>[31m
              [36m<p>[31m
                [0mDebe ingresar los ├║ltimos 4 d├¡gitos de la referencia[0m
              [36m</p>[31m
            [36m</div>[31m
            [36m<div[31m
              [33mclass[31m=[32m"modal-footer"[31m
            [36m>[31m
              [36m<button[31m
                [33mclass[31m=[32m"btn-primary btn-danger-gradient"[31m
                [33mstyle[31m=[32m"width: 100%;"[31m
              [36m>[31m
                [0mEntendido[0m
              [36m</button>[31m
            [36m</div>[31m
          [36m</div>[31m
        [36m</div>[31m
      [36m</div>[31m
    [36m</div>[31m
  [36m</body>[31m
[36m</html>[31m[39m

[31mΓÄ»ΓÄ»ΓÄ»ΓÄ»ΓÄ»ΓÄ»ΓÄ»[1m[7m Failed Tests 1 [27m[22mΓÄ»ΓÄ»ΓÄ»ΓÄ»ΓÄ»ΓÄ»ΓÄ»[39m

[31m[1m[7m FAIL [27m[22m[39m src/components/Billing/InvoiceForm.test.jsx[2m > [22mInvoiceForm[2m > [22mdebe 
validar que los d├¡gitos sean 4 en pagos electr├│nicos
[31m[1mTestingLibraryElementError[22m[39m: Found multiple elements with the text: /referencia/i

Here are the matching elements:

Ignored nodes: comments, script, style
[36m<label>[39m
  [0m├Ültimos 4 D├¡gitos de Referencia *[0m
[36m</label>[39m

Ignored nodes: comments, script, style
[36m<p>[39m
  [0mDebe ingresar los ├║ltimos 4 d├¡gitos de la referencia[0m
[36m</p>[39m

(If this is intentional, then use the `*AllBy*` variant of the query (like `queryAllByText`, `getAllByText`, or 
`findAllByText`)).

Ignored nodes: comments, script, style
[36m<body>[39m
  [36m<div>[39m
    [36m<div[39m
      [33mclass[39m=[32m"patient-list animate-in"[39m
    [36m>[39m
      [36m<div[39m
        [33mclass[39m=[32m"patient-form-grid"[39m
        [33mstyle[39m=[32m"margin-top: 0px; margin-bottom: 20px;"[39m
      [36m>[39m
        [36m<div[39m
          [33mclass[39m=[32m"form-group full-width"[39m
        [36m>[39m
          [36m<label>[39m
            [0mPaciente *[0m
          [36m</label>[39m
          [36m<div[39m
            [33mstyle[39m=[32m"position: relative;"[39m
          [36m>[39m
            [36m<input[39m
              [33mautocomplete[39m=[32m"off"[39m
              [33mplaceholder[39m=[32m"Buscar paciente por nombre o c├⌐dula..."[39m
              [33mtype[39m=[32m"text"[39m
              [33mvalue[39m=[32m"Juan P├⌐rez"[39m
            [36m/>[39m
          [36m</div>[39m
        [36m</div>[39m
        [36m<div[39m
          [33mclass[39m=[32m"form-group"[39m
        [36m>[39m
          [36m<label[39m
            [33mfor[39m=[32m"select-medico"[39m
          [36m>[39m
            [0mM├⌐dico Tratante *[0m
          [36m</label>[39m
          [36m<select[39m
            [33mid[39m=[32m"select-medico"[39m
          [36m>[39m
            [36m<option[39m
              [33mvalue[39m=[32m""[39m
            [36m>[39m
              [0mSeleccione un m├⌐dico...[0m
            [36m</option>[39m
            [36m<option[39m
              [33mvalue[39m=[32m"1"[39m
            [36m>[39m
              [0mDr. House[0m
              [0m ([0m
              [0mMedicina General[0m
              [0m) - [0m
              [0m10[0m
              [0m% comisi├│n[0m
            [36m</option>[39m
          [36m</select>[39m
        [36m</div>[39m
        [36m<div[39m
          [33mclass[39m=[32m"form-group"[39m
        [36m>[39m
          [36m<label>[39m
            [0mTasa de Cambio (USD ΓåÆ VES) *[0m
          [36m</label>[39m
          [36m<input[39m
            [33mid[39m=[32m"exchange-rate-input"[39m
            [33minputmode[39m=[32m"decimal"[39m
            [33mplaceholder[39m=[32m"Ej: 144.50"[39m
            [33mtype[39m=[32m"text"[39m
            [33mvalue[39m=[32m"36"[39m
          [36m/>[39m
          [36m<span[39m
            [33mstyle[39m=[32m"font-size: 0.82rem; color: var(--text-secondary); margin-top: 4px; display: 
block;"[39m
          [36m>[39m
            [0m1 USD = [0m
            [0m36.00[0m
            [0m VES[0m
          [36m</span>[39m
        [36m</div>[39m
      [36m</div>[39m
      [36m<hr[39m
        [33mstyle[39m=[32m"margin: 20px 0px; border-color: var(--border-color);"[39m
      [36m/>[39m
      [36m<div[39m
        [33mclass[39m=[32m"form-group"[39m
      [36m>[39m
        [36m<label[39m
          [33mfor[39m=[32m"select-servicio"[39m
        [36m>[39m
          [0mAgregar Servicios[0m
        [36m</label>[39m
        [36m<div[39m
          [33mstyle[39m=[32m"display: flex; gap: 10px;"[39m
        [36m>[39m
          [36m<select[39m
            [33mclass[39m=[32m"form-input"[39m
            [33mid[39m=[32m"select-servicio"[39m
            [33mstyle[39m=[32m"flex: 2 1 0%;"[39m
          [36m>[39m
            [36m<option[39m
              [33mdisabled[39m=[32m""[39m
              [33mselected[39m=[32m""[39m
              [33mvalue[39m=[32m""[39m
            [36m>[39m
              [0mSeleccione un servicio...[0m
            [36m</option>[39m
            [36m<option[39m
              [33mvalue[39m=[32m"1"[39m
            [36m>[39m
              [0mConsulta General[0m
              [0m - $[0m
              [0m30.00[0m
              [0m ([0m
              [0mExento[0m
              [0m)[0m
            [36m</option>[39m
            [36m<option[39m
              [33mvalue[39m=[32m"2"[39m
            [36m>[39m
              [0mElectrocardiograma[0m
              [0m - $[0m
              [0m50.00[0m
              [0m ([0m
              [0mIVA 16%[0m
              [0m)[0m
            [36m</option>[39m
          [36m</select>[39m
        [36m</div>[39m
      [36m</div>[39m
      [36m<div[39m
        [33mclass[39m=[32m"table-wrapper glassmorphism"[39m
        [33mstyle[39m=[32m"margin-top: 15px;"[39m
      [36m>[39m
        [36m<table[39m
          [33mclass[39m=[32m"modern-table"[39m
        [36m>[39m
          [36m<thead>[39m
            [36m<tr>[39m
              [36m<th>[39m
                [0mServicio[0m
              [36m</th>[39m
              [36m<th>[39m
                [0mPrecio Unit.[0m
              [36m</th>[39m
              [36m<th>[39m
                [0mCantidad[0m
              [36m</th>[39m
              [36m<th>[39m
                [0mSubtotal[0m
              [36m</th>[39m
              [36m<th>[39m
                [0mIVA[0m
              [36m</th>[39m
              [36m<th>[39m
                [0mTotal[0m
              [36m</th>[39m
              [36m<th>[39m
                [0mAcciones[0m
              [36m</th>[39m
            [36m</tr>[39m
          [36m</thead>[39m
          [36m<tbody>[39m
            [36m<tr>[39m
              [36m<td>[39m
                [0mConsulta General[0m
              [36m</td>[39m
              [36m<td>[39m
                [0m$[0m
                [0m30.00[0m
              [36m</td>[39m
              [36m<td>[39m
                [36m<div[39m
                  [33mstyle[39m=[32m"display: flex; align-items: center; gap: 8px;"[39m
                [36m>[39m
                  [36m<button[39m
                    [33mclass[39m=[32m"btn-view"[39m
                    [33mstyle[39m=[32m"width: 28px; height: 28px;"[39m
                    [33mtype[39m=[32m"button"[39m
                  [36m>[39m
                    [0m-[0m
                  [36m</button>[39m
                  [36m<span[39m
                    [33mstyle[39m=[32m"font-weight: bold; width: 20px; text-align: center;"[39m
                  [36m>[39m
                    [0m1[0m
                  [36m</span>[39m
                  [36m<button[39m
                    [33mclass[39m=[32m"btn-view"[39m
                    [33mstyle[39m=[32m"width: 28px; height: 28px;"[39m
                    [33mtype[39m=[32m"button"[39m
                  [36m>[39m
                    [0m+[0m
                  [36m</button>[39m
                [36m</div>[39m
              [36m</td>[39m
              [36m<td>[39m
                [0m$[0m
                [0m30.00[0m
              [36m</td>[39m
              [36m<td>[39m
                [36m<span[39m
                  [33mclass[39m=[32m"status-badge active"[39m
                [36m>[39m
                  [0mExento[0m
                [36m</span>[39m
              [36m</td>[39m
              [36m<td>[39m
                [0m$[0m
                [0m30.00[0m
              [36m</td>[39m
              [36m<td>[39m
                [36m<button[39m
                  [33mclass[39m=[32m"btn-delete"[39m
                  [33mtitle[39m=[32m"Eliminar"[39m
                  [33mtype[39m=[32m"button"[39m
                [36m>[39m
                  [0m≡ƒùæ∩╕Å[0m
                [36m</button>[39m
              [36m</td>[39m
            [36m</tr>[39m
          [36m</tbody>[39m
        [36m</table>[39m
      [36m</div>[39m
      [36m<div[39m
        [33mclass[39m=[32m"totals-panel glassmorphism"[39m
        [33mstyle[39m=[32m"margin-top: 20px; padding: 20px; border-radius: 12px; background: var(--bg-secondary); 
border: 1px solid var(--border-color);"[39m
      [36m>[39m
        [36m<div[39m
          [33mstyle[39m=[32m"display: grid; grid-template-columns: 1fr 1fr; gap: 30px;"[39m
        [36m>[39m
          [36m<div>[39m
            [36m<h4[39m
              [33mstyle[39m=[32m"margin-bottom: 15px;"[39m
            [36m>[39m
              [0mResumen en USD[0m
            [36m</h4>[39m
            [36m<div[39m
              [33mstyle[39m=[32m"display: flex; justify-content: space-between; margin-bottom: 8px;"[39m
            [36m>[39m
              [36m<span>[39m
                [0mSubtotal:[0m
              [36m</span>[39m
              [36m<span>[39m
                [0m$[0m
                [0m30.00[0m
              [36m</span>[39m
            [36m</div>[39m
            [36m<div[39m
              [33mstyle[39m=[32m"display: flex; justify-content: space-between; margin-bottom: 8px;"[39m
            [36m>[39m
              [36m<span>[39m
                [0mIVA (16%):[0m
              [36m</span>[39m
              [36m<span>[39m
                [0m$[0m
                [0m0.00[0m
              [36m</span>[39m
            [36m</div>[39m
            [36m<div[39m
              [33mstyle[39m=[32m"display: flex; justify-content: space-between; margin-bottom: 8px; font-weight: 
700; font-size: 1.1rem;"[39m
            [36m>[39m
              [36m<span>[39m
                [0mTotal USD:[0m
              [36m</span>[39m
              [36m<span[39m
                [33mclass[39m=[32m"text-cyan"[39m
              [36m>[39m
                [0m$[0m
                [0m0.00[0m
              [36m</span>[39m
            [36m</div>[39m
          [36m</div>[39m
          [36m<div>[39m
            [36m<h4[39m
              [33mstyle[39m=[32m"margin-bottom: 15px;"[39m
            [36m>[39m
              [0mTotal en VES[0m
            [36m</h4>[39m
            [36m<div[39m
              [33mstyle[39m=[32m"display: flex; justify-content: space-between; font-weight: 700; font-size: 
1.3rem;"[39m
            [36m>[39m
              [36m<span>[39m
                [0mTotal:[0m
              [36m</span>[39m
              [36m<span[39m
                [33mclass[39m=[32m"text-cyan"[39m
              [36m>[39m
                [0mBs. [0m
                [0m0.00[0m
              [36m</span>[39m
            [36m</div>[39m
            [36m<div[39m
              [33mstyle[39m=[32m"font-size: 0.85rem; color: var(--text-secondary); margin-top: 5px;"[39m
            [36m>[39m
              [0mTasa: [0m
              [0m36[0m
              [0m VES/USD[0m
            [36m</div>[39m
          [36m</div>[39m
        [36m</div>[39m
        [36m<div[39m
          [33mstyle[39m=[32m"margin-top: 20px; padding-top: 20px; border-top: 1px dashed var(--border-color);"[39m
        [36m>[39m
          [36m<h4[39m
            [33mstyle[39m=[32m"margin-bottom: 15px;"[39m
          [36m>[39m
            [0mInformaci├│n de Pago[0m
          [36m</h4>[39m
          [36m<div[39m
            [33mclass[39m=[32m"patient-form-grid"[39m
            [33mstyle[39m=[32m"margin-top: 0px;"[39m
          [36m>[39m
            [36m<div[39m
              [33mclass[39m=[32m"form-group"[39m
            [36m>[39m
              [36m<label[39m
                [33mfor[39m=[32m"metodo-pago-select"[39m
              [36m>[39m
                [0mM├⌐todo de Pago *[0m
              [36m</label>[39m
              [36m<select[39m
                [33mid[39m=[32m"metodo-pago-select"[39m
              [36m>[39m
                [36m<option[39m
                  [33mvalue[39m=[32m"EFECTIVO_USD"[39m
                [36m>[39m
                  [0m≡ƒÆ╡ Efectivo USD[0m
                [36m</option>[39m
                [36m<option[39m
                  [33mvalue[39m=[32m"TRANSFERENCIA"[39m
                [36m>[39m
                  [0m≡ƒÅª Transferencia Bancaria[0m
                [36m</option>[39m
                [36m<option[39m
                  [33mvalue[39m=[32m"PAGO_MOVIL"[39m
                [36m>[39m
                  [0m≡ƒô▒ Pago M├│vil[0m
                [36m</option>[39m
              [36m</select>[39m
            [36m</div>[39m
            [36m<div[39m
              [33mclass[39m=[32m"form-group"[39m
            [36m>[39m
              [36m<label>[39m
                [0m├Ültimos 4 D├¡gitos de Referencia *[0m
              [36m</label>[39m
              [36m<input[39m
                [33mplaceholder[39m=[32m"Ej: 1234"[39m
                [33mtype[39m=[32m"text"[39m
                [33mvalue[39m=[32m"12"[39m
              [36m/>[39m
            [36m</div>[39m
          [36m</div>[39m
        [36m</div>[39m
      [36m</div>[39m
      [36m<div[39m
        [33mclass[39m=[32m"form-actions"[39m
        [33mstyle[39m=[32m"margin-top: 20px; display: flex; gap: 10px; justify-content: flex-end;"[39m
      [36m>[39m
        [36m<button[39m
          [33mclass[39m=[32m"btn-primary"[39m
        [36m>[39m
          [0m≡ƒÆ╛ Procesar Factura[0m
        [36m</button>[39m
      [36m</div>[39m
      [36m<div[39m
        [33mclass[39m=[32m"modal-overlay animate-fade"[39m
      [36m>[39m
        [36m<div[39m
          [33mclass[39m=[32m"confirm-modal glassmorphism animate-in"[39m
        [36m>[39m
          [36m<div[39m
            [33mclass[39m=[32m"modal-header"[39m
          [36m>[39m
            [36m<div[39m
              [33mclass[39m=[32m"modal-icon danger"[39m
            [36m>[39m
              [0mΓÜá∩╕Å[0m
            [36m</div>[39m
            [36m<h3>[39m
              [0mCampo Requerido[0m
            [36m</h3>[39m
          [36m</div>[39m
          [36m<div[39m
            [33mclass[39m=[32m"modal-body"[39m
          [36m>[39m
            [36m<p>[39m
              [0mDebe ingresar los ├║ltimos 4 d├¡gitos de la referencia[0m
            [36m</p>[39m
          [36m</div>[39m
          [36m<div[39m
            [33mclass[39m=[32m"modal-footer"[39m
          [36m>[39m
            [36m<button[39m
              [33mclass[39m=[32m"btn-primary btn-danger-gradient"[39m
              [33mstyle[39m=[32m"width: 100%;"[39m
            [36m>[39m
              [0mEntendido[0m
            [36m</button>[39m
          [36m</div>[39m
        [36m</div>[39m
      [36m</div>[39m
    [36m</div>[39m
  [36m</div>[39m
[36m</body>[39m

Ignored nodes: comments, script, style
[36m<html>[39m
  [36m<head />[39m
  [36m<body>[39m
    [36m<div>[39m
      [36m<div[39m
        [33mclass[39m=[32m"patient-list animate-in"[39m
      [36m>[39m
        [36m<div[39m
          [33mclass[39m=[32m"patient-form-grid"[39m
          [33mstyle[39m=[32m"margin-top: 0px; margin-bottom: 20px;"[39m
        [36m>[39m
          [36m<div[39m
            [33mclass[39m=[32m"form-group full-width"[39m
          [36m>[39m
            [36m<label>[39m
              [0mPaciente *[0m
            [36m</label>[39m
            [36m<div[39m
              [33mstyle[39m=[32m"position: relative;"[39m
            [36m>[39m
              [36m<input[39m
                [33mautocomplete[39m=[32m"off"[39m
                [33mplaceholder[39m=[32m"Buscar paciente por nombre o c├⌐dula..."[39m
                [33mtype[39m=[32m"text"[39m
                [33mvalue[39m=[32m"Juan P├⌐rez"[39m
              [36m/>[39m
            [36m</div>[39m
          [36m</div>[39m
          [36m<div[39m
            [33mclass[39m=[32m"form-group"[39m
          [36m>[39m
            [36m<label[39m
              [33mfor[39m=[32m"select-medico"[39m
            [36m>[39m
              [0mM├⌐dico Tratante *[0m
            [36m</label>[39m
            [36m<select[39m
              [33mid[39m=[32m"select-medico"[39m
            [36m>[39m
              [36m<option[39m
                [33mvalue[39m=[32m""[39m
              [36m>[39m
                [0mSeleccione un m├⌐dico...[0m
              [36m</option>[39m
              [36m<option[39m
                [33mvalue[39m=[32m"1"[39m
              [36m>[39m
                [0mDr. House[0m
                [0m ([0m
                [0mMedicina General[0m
                [0m) - [0m
                [0m10[0m
                [0m% comisi├│n[0m
              [36m</option>[39m
            [36m</select>[39m
          [36m</div>[39m
          [36m<div[39m
            [33mclass[39m=[32m"form-group"[39m
          [36m>[39m
            [36m<label>[39m
              [0mTasa de Cambio (USD ΓåÆ VES) *[0m
            [36m</label>[39m
            [36m<input[39m
              [33mid[39m=[32m"exchange-rate-input"[39m
              [33minputmode[39m=[32m"decimal"[39m
              [33mplaceholder[39m=[32m"Ej: 144.50"[39m
              [33mtype[39m=[32m"text"[39m
              [33mvalue[39m=[32m"36"[39m
            [36m/>[39m
            [36m<span[39m
              [33mstyle[39m=[32m"font-size: 0.82rem; color: var(--text-secondary); margin-top: 4px; display: 
block;"[39m
            [36m>[39m
              [0m1 USD = [0m
              [0m36.00[0m
              [0m VES[0m
            [36m</span>[39m
          [36m</div>[39m
        [36m</div>[39m
        [36m<hr[39m
          [33mstyle[39m=[32m"margin: 20px 0px; border-color: var(--border-color);"[39m
        [36m/>[39m
        [36m<div[39m
          [33mclass[39m=[32m"form-group"[39m
        [36m>[39m
          [36m<label[39m
            [33mfor[39m=[32m"select-servicio"[39m
          [36m>[39m
            [0mAgregar Servicios[0m
          [36m</label>[39m
          [36m<div[39m
            [33mstyle[39m=[32m"display: flex; gap: 10px;"[39m
          [36m>[39m
            [36m<select[39m
              [33mclass[39m=[32m"form-input"[39m
              [33mid[39m=[32m"select-servicio"[39m
              [33mstyle[39m=[32m"flex: 2 1 0%;"[39m
            [36m>[39m
              [36m<option[39m
                [33mdisabled[39m=[32m""[39m
                [33mselected[39m=[32m""[39m
                [33mvalue[39m=[32m""[39m
              [36m>[39m
                [0mSeleccione un servicio...[0m
              [36m</option>[39m
              [36m<option[39m
                [33mvalue[39m=[32m"1"[39m
              [36m>[39m
                [0mConsulta General[0m
                [0m - $[0m
                [0m30.00[0m
                [0m ([0m
                [0mExento[0m
                [0m)[0m
              [36m</option>[39m
              [36m<option[39m
                [33mvalue[39m=[32m"2"[39m
              [36m>[39m
                [0mElectrocardiograma[0m
                [0m - $[0m
                [0m50.00[0m
                [0m ([0m
                [0mIVA 16%[0m
                [0m)[0m
              [36m</option>[39m
            [36m</select>[39m
          [36m</div>[39m
        [36m</div>[39m
        [36m<div[39m
          [33mclass[39m=[32m"table-wrapper glassmorphism"[39m
          [33mstyle[39m=[32m"margin-top: 15px;"[39m
        [36m>[39m
          [36m<table[39m
            [33mclass[39m=[32m"modern-table"[39m
          [36m>[39m
            [36m<thead>[39m
              [36m<tr>[39m
                [36m<th>[39m
                  [0mServicio[0m
                [36m</th>[39m
                [36m<th>[39m
                  [0mPrecio Unit.[0m
                [36m</th>[39m
                [36m<th>[39m
                  [0mCantidad[0m
                [36m</th>[39m
                [36m<th>[39m
                  [0mSubtotal[0m
                [36m</th>[39m
                [36m<th>[39m
                  [0mIVA[0m
                [36m</th>[39m
                [36m<th>[39m
                  [0mTotal[0m
                [36m</th>[39m
                [36m<th>[39m
                  [0mAcciones[0m
                [36m</th>[39m
              [36m</tr>[39m
            [36m</thead>[39m
            [36m<tbody>[39m
              [36m<tr>[39m
                [36m<td>[39m
                  [0mConsulta General[0m
                [36m</td>[39m
                [36m<td>[39m
                  [0m$[0m
                  [0m30.00[0m
                [36m</td>[39m
                [36m<td>[39m
                  [36m<div[39m
                    [33mstyle[39m=[32m"display: flex; align-items: center; gap: 8px;"[39m
                  [36m>[39m
                    [36m<button[39m
                      [33mclass[39m=[32m"btn-view"[39m
                      [33mstyle[39m=[32m"width: 28px; height: 28px;"[39m
                      [33mtype[39m=[32m"button"[39m
                    [36m>[39m
                      [0m-[0m
                    [36m</button>[39m
                    [36m<span[39m
                      [33mstyle[39m=[32m"font-weight: bold; width: 20px; text-align: center;"[39m
                    [36m>[39m
                      [0m1[0m
                    [36m</span>[39m
                    [36m<button[39m
                      [33mclass[39m=[32m"btn-view"[39m
                      [33mstyle[39m=[32m"width: 28px; height: 28px;"[39m
                      [33mtype[39m=[32m"button"[39m
                    [36m>[39m
                      [0m+[0m
                    [36m</button>[39m
                  [36m</div>[39m
                [36m</td>[39m
                [36m<td>[39m
                  [0m$[0m
                  [0m30.00[0m
                [36m</td>[39m
                [36m<td>[39m
                  [36m<span[39m
                    [33mclass[39m=[32m"status-badge active"[39m
                  [36m>[39m
                    [0mExento[0m
                  [36m</span>[39m
                [36m</td>[39m
                [36m<td>[39m
                  [0m$[0m
                  [0m30.00[0m
                [36m</td>[39m
                [36m<td>[39m
                  [36m<button[39m
                    [33mclass[39m=[32m"btn-delete"[39m
                    [33mtitle[39m=[32m"Eliminar"[39m
                    [33mtype[39m=[32m"button"[39m
                  [36m>[39m
                    [0m≡ƒùæ∩╕Å[0m
                  [36m</button>[39m
                [36m</td>[39m
              [36m</tr>[39m
            [36m</tbody>[39m
          [36m</table>[39m
        [36m</div>[39m
        [36m<div[39m
          [33mclass[39m=[32m"totals-panel glassmorphism"[39m
          [33mstyle[39m=[32m"margin-top: 20px; padding: 20px; border-radius: 12px; background: var(--bg-secondary); 
border: 1px solid var(--border-color);"[39m
        [36m>[39m
          [36m<div[39m
            [33mstyle[39m=[32m"display: grid; grid-template-columns: 1fr 1fr; gap: 30px;"[39m
          [36m>[39m
            [36m<div>[39m
              [36m<h4[39m
                [33mstyle[39m=[32m"margin-bottom: 15px;"[39m
              [36m>[39m
                [0mResumen en USD[0m
              [36m</h4>[39m
              [36m<div[39m
                [33mstyle[39m=[32m"display: flex; justify-content: space-between; margin-bottom: 8px;"[39m
              [36m>[39m
                [36m<span>[39m
                  [0mSubtotal:[0m
                [36m</span>[39m
                [36m<span>[39m
                  [0m$[0m
                  [0m30.00[0m
                [36m</span>[39m
              [36m</div>[39m
              [36m<div[39m
                [33mstyle[39m=[32m"display: flex; justify-content: space-between; margin-bottom: 8px;"[39m
              [36m>[39m
                [36m<span>[39m
                  [0mIVA (16%):[0m
                [36m</span>[39m
                [36m<span>[39m
                  [0m$[0m
                  [0m0.00[0m
                [36m</span>[39m
              [36m</div>[39m
              [36m<div[39m
                [33mstyle[39m=[32m"display: flex; justify-content: space-between; margin-bottom: 8px; font-weight: 
700; font-size: 1.1rem;"[39m
              [36m>[39m
                [36m<span>[39m
                  [0mTotal USD:[0m
                [36m</span>[39m
                [36m<span[39m
                  [33mclass[39m=[32m"text-cyan"[39m
                [36m>[39m
                  [0m$[0m
                  [0m0.00[0m
                [36m</span>[39m
              [36m</div>[39m
            [36m</div>[39m
            [36m<div>[39m
              [36m<h4[39m
                [33mstyle[39m=[32m"margin-bottom: 15px;"[39m
              [36m>[39m
                [0mTotal en VES[0m
              [36m</h4>[39m
              [36m<div[39m
                [33mstyle[39m=[32m"display: flex; justify-content: space-between; font-weight: 700; font-size: 
1.3rem;"[39m
              [36m>[39m
                [36m<span>[39m
                  [0mTotal:[0m
                [36m</span>[39m
                [36m<span[39m
                  [33mclass[39m=[32m"text-cyan"[39m
                [36m>[39m
                  [0mBs. [0m
                  [0m0.00[0m
                [36m</span>[39m
              [36m</div>[39m
              [36m<div[39m
                [33mstyle[39m=[32m"font-size: 0.85rem; color: var(--text-secondary); margin-top: 5px;"[39m
              [36m>[39m
                [0mTasa: [0m
                [0m36[0m
                [0m VES/USD[0m
              [36m</div>[39m
            [36m</div>[39m
          [36m</div>[39m
          [36m<div[39m
            [33mstyle[39m=[32m"margin-top: 20px; padding-top: 20px; border-top: 1px dashed 
var(--border-color);"[39m
          [36m>[39m
            [36m<h4[39m
              [33mstyle[39m=[32m"margin-bottom: 15px;"[39m
            [36m>[39m
              [0mInformaci├│n de Pago[0m
            [36m</h4>[39m
            [36m<div[39m
              [33mclass[39m=[32m"patient-form-grid"[39m
              [33mstyle[39m=[32m"margin-top: 0px;"[39m
            [36m>[39m
              [36m<div[39m
                [33mclass[39m=[32m"form-group"[39m
              [36m>[39m
                [36m<label[39m
                  [33mfor[39m=[32m"metodo-pago-select"[39m
                [36m>[39m
                  [0mM├⌐todo de Pago *[0m
                [36m</label>[39m
                [36m<select[39m
                  [33mid[39m=[32m"metodo-pago-select"[39m
                [36m>[39m
                  [36m<option[39m
                    [33mvalue[39m=[32m"EFECTIVO_USD"[39m
                  [36m>[39m
                    [0m≡ƒÆ╡ Efectivo USD[0m
                  [36m</option>[39m
                  [36m<option[39m
                    [33mvalue[39m=[32m"TRANSFERENCIA"[39m
                  [36m>[39m
                    [0m≡ƒÅª Transferencia Bancaria[0m
                  [36m</option>[39m
                  [36m<option[39m
                    [33mvalue[39m=[32m"PAGO_MOVIL"[39m
                  [36m>[39m
                    [0m≡ƒô▒ Pago M├│vil[0m
                  [36m</option>[39m
                [36m</select>[39m
              [36m</div>[39m
              [36m<div[39m
                [33mclass[39m=[32m"form-group"[39m
              [36m>[39m
                [36m<label>[39m
                  [0m├Ültimos 4 D├¡gitos de Referencia *[0m
                [36m</label>[39m
                [36m<input[39m
                  [33mplaceholder[39m=[32m"Ej: 1234"[39m
                  [33mtype[39m=[32m"text"[39m
                  [33mvalue[39m=[32m"12"[39m
                [36m/>[39m
              [36m</div>[39m
            [36m</div>[39m
          [36m</div>[39m
        [36m</div>[39m
        [36m<div[39m
          [33mclass[39m=[32m"form-actions"[39m
          [33mstyle[39m=[32m"margin-top: 20px; display: flex; gap: 10px; justify-content: flex-end;"[39m
        [36m>[39m
          [36m<button[39m
            [33mclass[39m=[32m"btn-primary"[39m
          [36m>[39m
            [0m≡ƒÆ╛ Procesar Factura[0m
          [36m</button>[39m
        [36m</div>[39m
        [36m<div[39m
          [33mclass[39m=[32m"modal-overlay animate-fade"[39m
        [36m>[39m
          [36m<div[39m
            [33mclass[39m=[32m"confirm-modal glassmorphism animate-in"[39m
          [36m>[39m
            [36m<div[39m
              [33mclass[39m=[32m"modal-header"[39m
            [36m>[39m
              [36m<div[39m
                [33mclass[39m=[32m"modal-icon danger"[39m
              [36m>[39m
                [0mΓÜá∩╕Å[0m
              [36m</div>[39m
              [36m<h3>[39m
                [0mCampo Requerido[0m
              [36m</h3>[39m
            [36m</div>[39m
            [36m<div[39m
              [33mclass[39m=[32m"modal-body"[39m
            [36m>[39m
              [36m<p>[39m
                [0mDebe ingresar los ├║ltimos 4 d├¡gitos de la referencia[0m
              [36m</p>[39m
            [36m</div>[39m
            [36m<div[39m
              [33mclass[39m=[32m"modal-footer"[39m
            [36m>[39m
              [36m<button[39m
                [33mclass[39m=[32m"btn-primary btn-danger-gradient"[39m
                [33mstyle[39m=[32m"width: 100%;"[39m
              [36m>[39m
                [0mEntendido[0m
              [36m</button>[39m
            [36m</div>[39m
          [36m</div>[39m
        [36m</div>[39m
      [36m</div>[39m
    [36m</div>[39m
  [36m</body>[39m
[36m</html>[39m
[90m [2mΓ¥»[22m Proxy.waitForWrapper node_modules/@testing-library/dom/dist/wait-for.js:[2m163:27[22m[39m
[36m [2mΓ¥»[22m src/components/Billing/InvoiceForm.test.jsx:[2m142:11[22m[39m
    [90m140| [39m    })[33m;[39m
    [90m141| [39m
    [90m142| [39m    [35mawait[39m [34mwaitFor[39m(() [33m=>[39m {
    [90m   | [39m          [31m^[39m
    [90m143| [39m      [34mexpect[39m(screen[33m.[39m[34mgetByText[39m([36m/referencia/i[39m))[33m.[39m[34
mtoBeDefined[39m()[33m;[39m
    [90m144| [39m    })[33m;[39m

[31m[2mΓÄ»ΓÄ»ΓÄ»ΓÄ»ΓÄ»ΓÄ»ΓÄ»ΓÄ»ΓÄ»ΓÄ»ΓÄ»ΓÄ»ΓÄ»ΓÄ»ΓÄ»ΓÄ»ΓÄ»ΓÄ»ΓÄ»ΓÄ»ΓÄ»ΓÄ»ΓÄ»ΓÄ»[1/1]ΓÄ»[22m[39m

[2m Test Files [22m [1m[31m1 failed[39m[22m[90m (1)[39m
[2m      Tests [22m [1m[31m1 failed[39m[22m[2m | [22m[1m[32m5 passed[39m[22m[90m (6)[39m
[2m   Start at [22m 17:29:31
[2m   Duration [22m 3.88s


[1m[7m[31m FAIL [39m[27m[22m[31m Tests failed. Watching for file changes...[39m
       [2mpress [22m[1mh[22m[2m to show help[22m[2m, [22m[2mpress [22m[1mq[22m[2m to quit[22m
       [34mrerun x1[39m
[2K[1A[2K[G       [90mrerun x1[39m
[2K[1A[2K[G       [2m[90mrerun x1[39m[22m
[2K[1A[2K[G[3Jc
[7m[1m[34m RERUN [39m[22m[27m[2m src/components/Billing/InvoiceForm.test.jsx[22m [34mx2[39m

 [32mΓ£ô[39m src/components/Billing/InvoiceForm.test.jsx [2m ([22m[2m6 tests[22m[2m)[22m[33m 2835[2mms[22m[39m

[2m Test Files [22m [1m[32m1 passed[39m[22m[90m (1)[39m
[2m      Tests [22m [1m[32m6 passed[39m[22m[90m (6)[39m
[2m   Start at [22m 17:30:37
[2m   Duration [22m 4.01s


[1m[7m[32m PASS [39m[27m[22m[32m Waiting for file changes...[39m
       [2mpress [22m[1mh[22m[2m to show help[22m[2m, [22m[2mpress [22m[1mq[22m[2m to quit[22m
       [34mrerun x2[39m
[2K[1A[2K[G       [90mrerun x2[39m
[2K[1A[2K[G       [2m[90mrerun x2[39m[22m
